[2J[01;01H[=3h[2J[01;01H[2J[01;01H[=3h[2J[01;01HCSM BBS Table full.
BdsDxe: loading Boot0001 "UEFI nvme_card-pd" from PciRoot(0x0)/Pci(0x6,0x0)/NVMe(0x1,00-00-00-00-00-00-00-00)
BdsDxe: starting Boot0001 "UEFI nvme_card-pd" from PciRoot(0x0)/Pci(0x6,0x0)/NVMe(0x1,00-00-00-00-00-00-00-00)

UEFI: Attempting to start image.
Description: UEFI nvme_card-pd
FilePath: PciRoot(0x0)/Pci(0x6,0x0)/NVMe(0x1,00-00-00-00-00-00-00-00)
OptionNumber: 1.

[0m[30m[47mWelcome to GRUB!

[0m[37m[40m[0m[30m[40m[2J[01;01H[0m[37m[40m[H[J[1;1H[H[J[1;1H[0m[30m[40m[2J[01;01H[0m[37m[40m    Booting `Debian GNU/Linux'Booting `Debian GNU/Linux'



Loading Linux 4.19.0-25-cloud-amd64 ...Loading Linux 4.19.0-25-cloud-amd64 ...

Loading initial ramdisk ...Loading initial ramdisk ...

error: no suitable video mode found.
error: no suitable video mode found.
Booting in blind modeBooting in blind mode

[    0.000000] Linux version 4.19.0-25-cloud-amd64 (debian-kernel@lists.debian.org) (gcc version 8.3.0 (Debian 8.3.0-6)) #1 SMP Debian 4.19.289-2 (2023-08-08)
[    0.000000] Command line: BOOT_IMAGE=/boot/vmlinuz-4.19.0-25-cloud-amd64 root=UUID=22f0b90d-b27c-40e9-95cf-9a74d0fe864e ro console=tty0 console=ttyS0,115200 earlyprintk=ttyS0,115200 scsi_mod.use_blk_mq=Y
[    0.000000] BIOS-provided physical RAM map:
[    0.000000] BIOS-e820: [mem 0x0000000000000000-0x0000000000000fff] reserved
[    0.000000] BIOS-e820: [mem 0x0000000000001000-0x0000000000054fff] usable
[    0.000000] BIOS-e820: [mem 0x0000000000055000-0x000000000005ffff] reserved
[    0.000000] BIOS-e820: [mem 0x0000000000060000-0x0000000000097fff] usable
[    0.000000] BIOS-e820: [mem 0x0000000000098000-0x000000000009ffff] reserved
[    0.000000] BIOS-e820: [mem 0x0000000000100000-0x00000000bf8ecfff] usable
[    0.000000] BIOS-e820: [mem 0x00000000bf8ed000-0x00000000bf9ecfff] reserved
[    0.000000] BIOS-e820: [mem 0x00000000bf9ed000-0x00000000bfaecfff] type 20
[    0.000000] BIOS-e820: [mem 0x00000000bfaed000-0x00000000bfb6cfff] reserved
[    0.000000] BIOS-e820: [mem 0x00000000bfb6d000-0x00000000bfb7efff] ACPI data
[    0.000000] BIOS-e820: [mem 0x00000000bfb7f000-0x00000000bfbfefff] ACPI NVS
[    0.000000] BIOS-e820: [mem 0x00000000bfbff000-0x00000000bffdffff] usable
[    0.000000] BIOS-e820: [mem 0x00000000bffe0000-0x00000000bfffffff] reserved
[    0.000000] BIOS-e820: [mem 0x0000000100000000-0x000000083fffffff] usable
[    0.000000] bootconsole [earlyser0] enabled
[    0.000000] NX (Execute Disable) protection: active
[    0.000000] efi: EFI v2.70 by EDK II
[    0.000000] efi:  ACPI=0xbfb7e000  ACPI 2.0=0xbfb7e014  SMBIOS=0xbf9ca000  MEMATTR=0xbe387018 
[    0.000000] secureboot: Secure boot disabled
[    0.000000] SMBIOS 2.4 present.
[    0.000000] DMI: Google Google Compute Engine/Google Compute Engine, BIOS Google 11/17/2023
[    0.000000] Hypervisor detected: KVM
[    0.000000] kvm-clock: Using msrs 4b564d01 and 4b564d00
[    0.000000] kvm-clock: cpu 0, msr 5fc751001, primary cpu clock
[    0.000000] kvm-clock: using sched offset of 8962259984 cycles
[    0.000749] clocksource: kvm-clock: mask: 0xffffffffffffffff max_cycles: 0x1cd42e4dffb, max_idle_ns: 881590591483 ns
[    0.002836] tsc: Detected 2200.172 MHz processor
[    0.003513] last_pfn = 0x840000 max_arch_pfn = 0x400000000
[    0.004378] x86/PAT: Configuration [0-7]: WB  WC  UC- UC  WB  WP  UC- WT  
Memory KASLR using RDRAND RDTSC...
[    0.005822] last_pfn = 0xbffe0 max_arch_pfn = 0x400000000
[    0.006586] Using GB pages for direct mapping
[    0.007487] RAMDISK: [mem 0x36509000-0x3727bfff]
[    0.008279] ACPI: Early table checksum verification disabled
[    0.009004] ACPI: RSDP 0x00000000BFB7E014 000024 (v02 Google)
[    0.009764] ACPI: XSDT 0x00000000BFB7D0E8 00005C (v01 Google GOOGFACP 00000001      01000013)
[    0.011285] ACPI: FACP 0x00000000BFB78000 0000F4 (v02 Google GOOGFACP 00000001 GOOG 00000001)
[    0.012427] ACPI: DSDT 0x00000000BFB79000 0019F1 (v01 Google GOOGDSDT 00000001 GOOG 00000001)
[    0.013732] ACPI: FACS 0x00000000BFBF2000 000040
[    0.014321] ACPI: SSDT 0x00000000BFB7C000 000316 (v02 GOOGLE Tpm2Tabl 00001000 INTL 20211217)
[    0.015431] ACPI: TPM2 0x00000000BFB7B000 000034 (v04 GOOGLE          00000001 GOOG 00000001)
[    0.016592] ACPI: SRAT 0x00000000BFB77000 000128 (v03 Google GOOGSRAT 00000001 GOOG 00000001)
[    0.017778] ACPI: APIC 0x00000000BFB76000 0000A6 (v05 Google GOOGAPIC 00000001 GOOG 00000001)
[    0.018959] ACPI: SSDT 0x00000000BFB75000 000BC6 (v01 Google GOOGSSDT 00000001 GOOG 00000001)
[    0.020058] ACPI: WAET 0x00000000BFB74000 000028 (v01 Google GOOGWAET 00000001 GOOG 00000001)
[    0.021517] ACPI: Reserving FACP table memory at [mem 0xbfb78000-0xbfb780f3]
[    0.022515] ACPI: Reserving DSDT table memory at [mem 0xbfb79000-0xbfb7a9f0]
[    0.023544] ACPI: Reserving FACS table memory at [mem 0xbfbf2000-0xbfbf203f]
[    0.025124] ACPI: Reserving SSDT table memory at [mem 0xbfb7c000-0xbfb7c315]
[    0.026090] ACPI: Reserving TPM2 table memory at [mem 0xbfb7b000-0xbfb7b033]
[    0.027191] ACPI: Reserving SRAT table memory at [mem 0xbfb77000-0xbfb77127]
[    0.028091] ACPI: Reserving APIC table memory at [mem 0xbfb76000-0xbfb760a5]
[    0.029081] ACPI: Reserving SSDT table memory at [mem 0xbfb75000-0xbfb75bc5]
[    0.030137] ACPI: Reserving WAET table memory at [mem 0xbfb74000-0xbfb74027]
[    0.031189] SRAT: PXM 0 -> APIC 0x00 -> Node 0
[    0.031795] SRAT: PXM 0 -> APIC 0x01 -> Node 0
[    0.032360] SRAT: PXM 0 -> APIC 0x02 -> Node 0
[    0.032956] SRAT: PXM 0 -> APIC 0x03 -> Node 0
[    0.033597] SRAT: PXM 0 -> APIC 0x04 -> Node 0
[    0.034168] SRAT: PXM 0 -> APIC 0x05 -> Node 0
[    0.034802] SRAT: PXM 0 -> APIC 0x06 -> Node 0
[    0.035369] SRAT: PXM 0 -> APIC 0x07 -> Node 0
[    0.035937] ACPI: SRAT: Node 0 PXM 0 [mem 0x00000000-0x0009ffff]
[    0.036749] ACPI: SRAT: Node 0 PXM 0 [mem 0x00100000-0xbfffffff]
[    0.037516] ACPI: SRAT: Node 0 PXM 0 [mem 0x100000000-0x83fffffff]
[    0.038306] NUMA: Node 0 [mem 0x00000000-0x0009ffff] + [mem 0x00100000-0xbfffffff] -> [mem 0x00000000-0xbfffffff]
[    0.039675] NUMA: Node 0 [mem 0x00000000-0xbfffffff] + [mem 0x100000000-0x83fffffff] -> [mem 0x00000000-0x83fffffff]
[    0.041088] NODE_DATA(0) allocated [mem 0x83fffb000-0x83fffffff]
[    0.041937] Zone ranges:
[    0.042330]   DMA      [mem 0x0000000000001000-0x0000000000ffffff]
[    0.043179]   DMA32    [mem 0x0000000001000000-0x00000000ffffffff]
[    0.044016]   Normal   [mem 0x0000000100000000-0x000000083fffffff]
[    0.044805]   Device   empty
[    0.045172] Movable zone start for each node
[    0.045761] Early memory node ranges
[    0.046215]   node   0: [mem 0x0000000000001000-0x0000000000054fff]
[    0.047078]   node   0: [mem 0x0000000000060000-0x0000000000097fff]
[    0.047959]   node   0: [mem 0x0000000000100000-0x00000000bf8ecfff]
[    0.048761]   node   0: [mem 0x00000000bfbff000-0x00000000bffdffff]
[    0.049617]   node   0: [mem 0x0000000100000000-0x000000083fffffff]
[    0.050534] Zeroed struct page in unavailable ranges: 934 pages
[    0.050536] Initmem setup node 0 [mem 0x0000000000001000-0x000000083fffffff]
[    0.221078] ACPI: PM-Timer IO Port: 0xb008
[    0.221964] ACPI: LAPIC_NMI (acpi_id[0xff] dfl dfl lint[0x1])
[    0.222769] IOAPIC[0]: apic_id 0, version 17, address 0xfec00000, GSI 0-23
[    0.223659] ACPI: INT_SRC_OVR (bus 0 bus_irq 5 global_irq 5 high level)
[    0.224549] ACPI: INT_SRC_OVR (bus 0 bus_irq 9 global_irq 9 high level)
[    0.225393] ACPI: INT_SRC_OVR (bus 0 bus_irq 10 global_irq 10 high level)
[    0.226320] ACPI: INT_SRC_OVR (bus 0 bus_irq 11 global_irq 11 high level)
[    0.227189] Using ACPI (MADT) for SMP configuration information
[    0.227985] smpboot: Allowing 8 CPUs, 0 hotplug CPUs
[    0.228692] PM: Registered nosave memory: [mem 0x00000000-0x00000fff]
[    0.229525] PM: Registered nosave memory: [mem 0x00055000-0x0005ffff]
[    0.230346] PM: Registered nosave memory: [mem 0x00098000-0x0009ffff]
[    0.231167] PM: Registered nosave memory: [mem 0x000a0000-0x000fffff]
[    0.232018] PM: Registered nosave memory: [mem 0xbf8ed000-0xbf9ecfff]
[    0.232839] PM: Registered nosave memory: [mem 0xbf9ed000-0xbfaecfff]
[    0.233661] PM: Registered nosave memory: [mem 0xbfaed000-0xbfb6cfff]
[    0.234483] PM: Registered nosave memory: [mem 0xbfb6d000-0xbfb7efff]
[    0.235392] PM: Registered nosave memory: [mem 0xbfb7f000-0xbfbfefff]
[    0.236636] PM: Registered nosave memory: [mem 0xbffe0000-0xbfffffff]
[    0.237483] PM: Registered nosave memory: [mem 0xc0000000-0xffffffff]
[    0.238307] [mem 0xc0000000-0xffffffff] available for PCI devices
[    0.239084] Booting paravirtualized kernel on KVM
[    0.239688] clocksource: refined-jiffies: mask: 0xffffffff max_cycles: 0xffffffff, max_idle_ns: 7645519600211568 ns
[    0.318168] setup_percpu: NR_CPUS:512 nr_cpumask_bits:512 nr_cpu_ids:8 nr_node_ids:1
[    0.319651] percpu: Embedded 49 pages/cpu s162584 r8192 d29928 u262144
[    0.320635] PV qspinlock hash table entries: 256 (order: 0, 4096 bytes)
[    0.321520] Built 1 zonelists, mobility grouping on.  Total pages: 8253493
[    0.322572] Policy zone: Normal
[    0.322973] Kernel command line: BOOT_IMAGE=/boot/vmlinuz-4.19.0-25-cloud-amd64 root=UUID=22f0b90d-b27c-40e9-95cf-9a74d0fe864e ro console=tty0 console=ttyS0,115200 earlyprintk=ttyS0,115200 scsi_mod.use_blk_mq=Y
[    0.402701] Memory: 32879368K/33550696K available (10252K kernel code, 1098K rwdata, 2620K rodata, 1500K init, 796K bss, 671328K reserved, 0K cma-reserved)
[    0.405156] SLUB: HWalign=64, Order=0-3, MinObjects=0, CPUs=8, Nodes=1
[    0.406328] ftrace: allocating 27570 entries in 108 pages
[    0.417573] rcu: Hierarchical RCU implementation.
[    0.418259] rcu: 	RCU restricting CPUs from NR_CPUS=512 to nr_cpu_ids=8.
[    0.419110] rcu: Adjusting geometry for rcu_fanout_leaf=16, nr_cpu_ids=8
[    0.422345] NR_IRQS: 33024, nr_irqs: 488, preallocated irqs: 16
[    0.423329] random: crng init done
[    0.423847] Console: colour dummy device 80x25
[    0.424678] console [tty0] enabled
[    0.425258] console [ttyS0] enabled
[    0.425258] console [ttyS0] enabled
[    0.426334] bootconsole [earlyser0] disabled
[    0.426334] bootconsole [earlyser0] disabled
[    0.427714] ACPI: Core revision 20180810
[    0.428396] APIC: Switch to symmetric I/O mode setup
[    0.429537] x2apic enabled
[    0.432262] Switched APIC routing to physical x2apic.
[    0.436759] ..TIMER: vector=0x30 apic1=0 pin1=0 apic2=-1 pin2=-1
[    0.437801] clocksource: tsc-early: mask: 0xffffffffffffffff max_cycles: 0x1fb6d54cfe9, max_idle_ns: 440795226702 ns
[    0.439286] Calibrating delay loop (skipped) preset value.. 4400.34 BogoMIPS (lpj=8800688)
[    0.443365] Last level iTLB entries: 4KB 64, 2MB 8, 4MB 8
[    0.444135] Last level dTLB entries: 4KB 64, 2MB 0, 4MB 0, 1GB 4
[    0.444981] Spectre V1 : Mitigation: usercopy/swapgs barriers and __user pointer sanitization
[    0.446113] Spectre V2 : Mitigation: Enhanced IBRS
[    0.446812] Spectre V2 : Spectre v2 / SpectreRSB mitigation: Filling RSB on context switch
[    0.447274] Spectre V2 : Spectre v2 / PBRSB-eIBRS: Retire a single CALL on VMEXIT
[    0.448303] RETBleed: Mitigation: Enhanced IBRS
[    0.448979] Spectre V2 : mitigation: Enabling conditional Indirect Branch Prediction Barrier
[    0.450152] Speculative Store Bypass: Mitigation: Speculative Store Bypass disabled via prctl and seccomp
[    0.451347] MDS: Mitigation: Clear CPU buffers
[    0.451988] TAA: Mitigation: Clear CPU buffers
[    0.452628] MMIO Stale Data: Vulnerable: Clear CPU buffers attempted, no microcode
[    0.453748] x86/fpu: Supporting XSAVE feature 0x001: 'x87 floating point registers'
[    0.455274] x86/fpu: Supporting XSAVE feature 0x002: 'SSE registers'
[    0.456192] x86/fpu: Supporting XSAVE feature 0x004: 'AVX registers'
[    0.457147] x86/fpu: Supporting XSAVE feature 0x008: 'MPX bounds registers'
[    0.458196] x86/fpu: Supporting XSAVE feature 0x010: 'MPX CSR'
[    0.459275] x86/fpu: Supporting XSAVE feature 0x020: 'AVX-512 opmask'
[    0.460362] x86/fpu: Supporting XSAVE feature 0x040: 'AVX-512 Hi256'
[    0.461426] x86/fpu: Supporting XSAVE feature 0x080: 'AVX-512 ZMM_Hi256'
[    0.462569] x86/fpu: xstate_offset[2]:  576, xstate_sizes[2]:  256
[    0.463274] x86/fpu: xstate_offset[3]:  832, xstate_sizes[3]:   64
[    0.464251] x86/fpu: xstate_offset[4]:  896, xstate_sizes[4]:   64
[    0.465149] x86/fpu: xstate_offset[5]:  960, xstate_sizes[5]:   64
[    0.465998] x86/fpu: xstate_offset[6]: 1024, xstate_sizes[6]:  512
[    0.467274] x86/fpu: xstate_offset[7]: 1536, xstate_sizes[7]: 1024
[    0.468216] x86/fpu: Enabled xstate features 0xff, context size is 2560 bytes, using 'compacted' format.
[    0.475189] Freeing SMP alternatives memory: 24K
[    0.476812] pid_max: default: 32768 minimum: 301
[    0.484787] Security Framework initialized
[    0.485370] Yama: disabled by default; enable with sysctl kernel.yama.*
[    0.486321] AppArmor: AppArmor initialized
[    0.493822] Dentry cache hash table entries: 4194304 (order: 13, 33554432 bytes)
[    0.498460] Inode-cache hash table entries: 2097152 (order: 12, 16777216 bytes)
[    0.499389] Mount-cache hash table entries: 65536 (order: 7, 524288 bytes)
[    0.500487] Mountpoint-cache hash table entries: 65536 (order: 7, 524288 bytes)
[    0.611089] smpboot: CPU0: Intel(R) Xeon(R) CPU @ 2.20GHz (family: 0x6, model: 0x55, stepping: 0x7)
[    0.611272] Performance Events: unsupported p6 CPU model 85 no PMU driver, software events only.
[    0.611272] rcu: Hierarchical SRCU implementation.
[    0.611272] NMI watchdog: Perf NMI watchdog permanently disabled
[    0.611368] smp: Bringing up secondary CPUs ...
[    0.612072] x86: Booting SMP configuration:
[    0.612643] .... node  #0, CPUs:      #1
[    0.015951] kvm-clock: cpu 1, msr 5fc751041, secondary cpu clock
[    0.613563]  #2
[    0.015951] kvm-clock: cpu 2, msr 5fc751081, secondary cpu clock
[    0.615699]  #3
[    0.015951] kvm-clock: cpu 3, msr 5fc7510c1, secondary cpu clock
[    0.616707]  #4
[    0.015951] kvm-clock: cpu 4, msr 5fc751101, secondary cpu clock
[    0.619276] MDS CPU bug present and SMT on, data leak possible. See https://www.kernel.org/doc/html/latest/admin-guide/hw-vuln/mds.html for more details.
[    0.621882] TAA CPU bug present and SMT on, data leak possible. See https://www.kernel.org/doc/html/latest/admin-guide/hw-vuln/tsx_async_abort.html for more details.
[    0.623275] MMIO Stale Data CPU bug present and SMT on, data leak possible. See https://www.kernel.org/doc/html/latest/admin-guide/hw-vuln/processor_mmio_stale_data.html for more details.
[    0.625569]  #5
[    0.015951] kvm-clock: cpu 5, msr 5fc751141, secondary cpu clock
[    0.626115]  #6
[    0.015951] kvm-clock: cpu 6, msr 5fc751181, secondary cpu clock
[    0.627802]  #7
[    0.015951] kvm-clock: cpu 7, msr 5fc7511c1, secondary cpu clock
[    0.628677] smp: Brought up 1 node, 8 CPUs
[    0.628704] smpboot: Max logical packages: 1
[    0.631276] smpboot: Total of 8 processors activated (35202.75 BogoMIPS)
[    0.632621] devtmpfs: initialized
[    0.632621] x86/mm: Memory block size: 128MB
[    0.638476] PM: Registering ACPI NVS region [mem 0xbfb7f000-0xbfbfefff] (524288 bytes)
[    0.639320] clocksource: jiffies: mask: 0xffffffff max_cycles: 0xffffffff, max_idle_ns: 7645041785100000 ns
[    0.640611] futex hash table entries: 2048 (order: 5, 131072 bytes)
[    0.642501] NET: Registered protocol family 16
[    0.643340] audit: initializing netlink subsys (disabled)
[    0.644076] audit: type=2000 audit(1706643364.588:1): state=initialized audit_enabled=0 res=1
[    0.644076] ACPI: bus type PCI registered
[    0.644986] acpiphp: ACPI Hot Plug PCI Controller Driver version: 0.5
[    0.646097] PCI: Using configuration type 1 for base access
[    0.648187] HugeTLB registered 1.00 GiB page size, pre-allocated 0 pages
[    0.648247] HugeTLB registered 2.00 MiB page size, pre-allocated 0 pages
[    0.651309] ACPI: Added _OSI(Module Device)
[    0.651917] ACPI: Added _OSI(Processor Device)
[    0.652521] ACPI: Added _OSI(3.0 _SCP Extensions)
[    0.653158] ACPI: Added _OSI(Processor Aggregator Device)
[    0.653888] ACPI: Added _OSI(Linux-Dell-Video)
[    0.654491] ACPI: Added _OSI(Linux-Lenovo-NV-HDMI-Audio)
[    0.656145] ACPI: 3 ACPI AML tables successfully acquired and loaded
[    0.658231] ACPI: Interpreter enabled
[    0.658800] ACPI: (supports S0 S4 S5)
[    0.659276] ACPI: Using IOAPIC for interrupt routing
[    0.660120] PCI: Using host bridge windows from ACPI; if necessary, use "pci=nocrs" and report a bug
[    0.661502] ACPI: Enabled 16 GPEs in block 00 to 0F
[    0.664716] ACPI: PCI Root Bridge [PCI0] (domain 0000 [bus 00-ff])
[    0.665574] acpi PNP0A03:00: _OSC: OS supports [ASPM ClockPM Segments MSI]
[    0.666559] acpi PNP0A03:00: _OSC failed (AE_NOT_FOUND); disabling ASPM
[    0.667281] acpi PNP0A03:00: fail to add MMCONFIG information, can't access extended PCI configuration space under this bridge.
[    0.669445] PCI host bridge to bus 0000:00
[    0.670141] pci_bus 0000:00: root bus resource [io  0x0000-0x0cf7 window]
[    0.671275] pci_bus 0000:00: root bus resource [io  0x0d00-0x0fff window]
[    0.672494] pci_bus 0000:00: root bus resource [io  0xc000-0xffff window]
[    0.673842] pci_bus 0000:00: root bus resource [io  0xa000-0xbfff window]
[    0.674781] pci_bus 0000:00: root bus resource [mem 0x000a0000-0x000bffff window]
[    0.675275] pci_bus 0000:00: root bus resource [mem 0xc0000000-0xc57fffff window]
[    0.676441] pci_bus 0000:00: root bus resource [mem 0xc5840000-0xe07fffff window]
[    0.677659] pci_bus 0000:00: root bus resource [mem 0xe0840000-0xed7fffff window]
[    0.679275] pci_bus 0000:00: root bus resource [mem 0xed840000-0xfebfefff window]
[    0.680603] pci_bus 0000:00: root bus resource [mem 0x1000000000-0x2083fffffff window]
[    0.681838] pci_bus 0000:00: root bus resource [bus 00-ff]
[    0.731319] pci 0000:00:01.3: quirk: [io  0xb000-0xb03f] claimed by PIIX4 ACPI
[    0.767316] pci 0000:00:03.0: Enabling HDA controller
[    0.855922] ACPI: PCI Interrupt Link [LNKA] (IRQs 5 *10 11)
[    0.858256] ACPI: PCI Interrupt Link [LNKB] (IRQs 5 *10 11)
[    0.860355] ACPI: PCI Interrupt Link [LNKC] (IRQs 5 10 *11)
[    0.862220] ACPI: PCI Interrupt Link [LNKD] (IRQs 5 10 *11)
[    0.864584] ACPI: PCI Interrupt Link [LNKS] (IRQs *9)
[    0.865909] vgaarb: loaded
[    0.865909] Registered efivars operations
[    0.865909] PCI: Using ACPI for IRQ routing
[    0.867466] clocksource: Switched to clocksource kvm-clock
[    0.875777] VFS: Disk quotas dquot_6.6.0
[    0.876337] VFS: Dquot-cache hash table entries: 512 (order 0, 4096 bytes)
[    0.877356] AppArmor: AppArmor Filesystem Enabled
[    0.878007] pnp: PnP ACPI init
[    0.878802] pnp: PnP ACPI: found 7 devices
[    0.885578] clocksource: acpi_pm: mask: 0xffffff max_cycles: 0xffffff, max_idle_ns: 2085701024 ns
[    0.886839] NET: Registered protocol family 2
[    0.887892] IP idents hash table entries: 262144 (order: 9, 2097152 bytes)
[    0.890337] tcp_listen_portaddr_hash hash table entries: 16384 (order: 6, 262144 bytes)
[    0.891496] TCP established hash table entries: 262144 (order: 9, 2097152 bytes)
[    0.892748] TCP bind hash table entries: 65536 (order: 8, 1048576 bytes)
[    0.893762] TCP: Hash tables configured (established 262144 bind 65536)
[    0.894722] UDP hash table entries: 16384 (order: 7, 524288 bytes)
[    0.895637] UDP-Lite hash table entries: 16384 (order: 7, 524288 bytes)
[    0.896620] NET: Registered protocol family 1
[    0.897223] NET: Registered protocol family 44
[    0.897831] pci 0000:00:00.0: Limiting direct PCI/PCI transfers
[    0.898750] Unpacking initramfs...
[    1.106420] Freeing initrd memory: 13772K
[    1.107075] PCI-DMA: Using software bounce buffering for IO (SWIOTLB)
[    1.107951] software IO TLB: mapped [mem 0xb7ff7000-0xbbff7000] (64MB)
[    1.108898] clocksource: tsc: mask: 0xffffffffffffffff max_cycles: 0x1fb6d54cfe9, max_idle_ns: 440795226702 ns
[    1.110709] Initialise system trusted keyrings
[    1.111336] Key type blacklist registered
[    1.111968] workingset: timestamp_bits=40 max_order=23 bucket_order=0
[    1.113718] zbud: loaded
[    1.230260] Key type asymmetric registered
[    1.230876] Asymmetric key parser 'x509' registered
[    1.231581] Block layer SCSI generic (bsg) driver version 0.4 loaded (major 250)
[    1.232659] io scheduler noop registered (default)
[    1.233367] io scheduler deadline registered
[    1.234632] Serial: 8250/16550 driver, 4 ports, IRQ sharing enabled
[    1.256543] 00:03: ttyS0 at I/O 0x3f8 (irq = 4, base_baud = 115200) is a 16550A
[    1.278499] 00:04: ttyS1 at I/O 0x2f8 (irq = 3, base_baud = 115200) is a 16550A
[    1.300432] 00:05: ttyS2 at I/O 0x3e8 (irq = 6, base_baud = 115200) is a 16550A
[    1.322414] 00:06: ttyS3 at I/O 0x2e8 (irq = 7, base_baud = 115200) is a 16550A
[    1.324070] i8042: PNP: PS/2 Controller [PNP0303:KBD,PNP0f13:MOU] at 0x60,0x64 irq 1,12
[    1.325145] i8042: Warning: Keylock active
[    1.327144] serio: i8042 KBD port at 0x60,0x64 irq 1
[    1.327829] serio: i8042 AUX port at 0x60,0x64 irq 12
[    1.328529] mousedev: PS/2 mouse device common for all mice
[    1.329232] rtc_cmos 00:00: RTC can wake from S4
[    1.330292] rtc_cmos 00:00: registered as rtc0
[    1.330828] rtc_cmos 00:00: alarms up to one day, 114 bytes nvram
[    1.331878] NET: Registered protocol family 10
[    1.339447] Segment Routing with IPv6
[    1.340047] mip6: Mobile IPv6
[    1.340355] NET: Registered protocol family 17
[    1.340891] mpls_gso: MPLS GSO support
[    1.341364] sched_clock: Marking stable (1328931141, 11951896)->(1342477460, -1594423)
[    1.342783] registered taskstats version 1
[    1.343318] Loading compiled-in X.509 certificates
[    1.373367] Loaded X.509 cert 'Debian Secure Boot CA: 6ccece7e4c6c0d1f6149f3dd27dfcc5cbb419ea1'
[    1.374343] Loaded X.509 cert 'Debian Secure Boot Signer 2022 - linux: 14011249c2675ea8e5148542202005810584b25f'
[    1.376114] Loaded UEFI:db cert 'Microsoft Corporation UEFI CA 2011: 13adbf4309bd82709c8cd54f316ed522988a1bd4' linked to secondary sys keyring
[    1.377491] Loaded UEFI:db cert 'Microsoft Windows Production PCA 2011: a92902398e16c49778cd90f99e4f9ae17c55af53' linked to secondary sys keyring
[    1.379491] AppArmor: AppArmor sha1 policy hashing enabled
[    1.380451] rtc_cmos 00:00: setting system clock to 2024-01-30 19:36:05 UTC (1706643365)
[    1.690949] Freeing unused kernel image memory: 1500K
[    1.692107] input: AT Translated Set 2 keyboard as /devices/platform/i8042/serio0/input/input0
[    1.711324] Write protecting the kernel read-only data: 16384k
[    1.713775] Freeing unused kernel image memory: 2028K
[    1.714851] Freeing unused kernel image memory: 1476K
[    1.715730] x86/mm: Checked W+X mappings: passed, no W+X pages found.
[    1.716591] Run /init as init process
Loading, please wait...
Starting version 241
[    1.766706] cryptd: max_cpu_qlen set to 1000
[    1.769700] PCI Interrupt Link [LNKD] enabled at IRQ 11
[    1.770514] virtio-pci 0000:00:04.0: virtio_pci: leaving for legacy driver
[    1.776119] PCI Interrupt Link [LNKA] enabled at IRQ 10
[    1.776964] virtio-pci 0000:00:05.0: virtio_pci: leaving for legacy driver
[    1.783132] nvme nvme0: pci function 0000:00:06.0
[    1.785251] PCI Interrupt Link [LNKB] enabled at IRQ 10
[    1.790206] AVX2 version of gcm_enc/dec engaged.
[    1.790849] AES CTR mode by8 optimization enabled
[    1.922345]  nvme0n1: p1 p14 p15
[    6.042843] virtio_net virtio0 ens4: renamed from eth0
Begin: Loading essential drivers ... done.
Begin: Running /scripts/init-premount ... done.
Begin: Mounting roo[    6.089173] gce-disk-expand: Resizing partition on 
t file system ... Begin: Running /scripts/local-top ... done.
Begin: Running /scripts/local-premount ... [    6.106723] gce-disk-expand: Disk /dev/nvme0n1p1 doesn't need resizing.
done.
Begin: Will now check root file system ... fsck from util-linux 2.33.1
[/sbin/fsck.ext4 (1) -- /dev/nvme0n1p1] fsck.ext4 -a -C0 /dev/nvme0n1p1 
/dev/nvme0n1p1: clean, 322740/3268608 files, 6964978/13074176 blocks
done.
[    6.231337] EXT4-fs (nvme0n1p1): mounted filesystem with ordered data mode. Opts: (null)
done.
Begin: Running /scripts/local-bottom ... done.
Begin: Running /scripts/init-bottom ... done.
[    6.447349] systemd[1]: Inserted module 'autofs4'
[    6.516492] systemd[1]: systemd 241 running in system mode. (+PAM +AUDIT +SELINUX +IMA +APPARMOR +SMACK +SYSVINIT +UTMP +LIBCRYPTSETUP +GCRYPT +GNUTLS +ACL +XZ +LZ4 +SECCOMP +BLKID +ELFUTILS +KMOD -IDN2 +IDN -PCRE2 default-hierarchy=hybrid)
[    6.519413] systemd[1]: Detected virtualization kvm.
[    6.520093] systemd[1]: Detected architecture x86-64.

Welcome to [1mDebian GNU/Linux 10 (buster)[0m!

[    6.545151] systemd[1]: Set hostname to <debian>.
[    6.681399] systemd[1]: Condition check resulted in Root Slice being skipped.
[    6.682425] systemd[1]: Condition check resulted in System Slice being skipped.
[    6.686214] systemd[1]: Listening on udev Kernel Socket.
[[0;32m  OK  [0m] Listening on [0;1;39mudev Kernel Socket[0m.
[    6.699464] systemd[1]: Listening on udev Control Socket.
[[0;32m  OK  [0m] Listening on [0;1;39mudev Control Socket[0m.
[    6.711353] systemd[1]: Reached target Remote File Systems.
[[0;32m  OK  [0m] Reached target [0;1;39mRemote File Systems[0m.
[    6.725657] systemd[1]: Created slice system-serial\x2dgetty.slice.
[[0;32m  OK  [0m] Created slice [0;1;39msystem-serial\x2dgetty.slice[0m.
[[0;32m  OK  [0m] Created slice [0;1;39mUser and Session Slice[0m.
[[0;32m  OK  [0m] Reached target [0;1;39mSlices[0m.
[[0;32m  OK  [0m] Created slice [0;1;39msystem-getty.slice[0m.
[[0;32m  OK  [0m] Started [0;1;39mDispatch Password â€¦ts to Console Directory Watch[0m.
[[0;32m  OK  [0m] Reached target [0;1;39mSystem Time Synchronized[0m.
[[0;32m  OK  [0m] Started [0;1;39mForward Password Râ€¦uests to Wall Directory Watch[0m.
[[0;32m  OK  [0m] Reached target [0;1;39mLocal Encrypted Volumes[0m.
[[0;32m  OK  [0m] Set up automount [0;1;39mArbitraryâ€¦s File System Automount Point[0m.
[[0;32m  OK  [0m] Reached target [0;1;39mSwap[0m.
[[0;32m  OK  [0m] Listening on [0;1;39mfsck to fsckd communication Socket[0m.
[[0;32m  OK  [0m] Listening on [0;1;39mJournal Socket (/dev/log)[0m.
[[0;32m  OK  [0m] Listening on [0;1;39mJournal Audit Socket[0m.
[[0;32m  OK  [0m] Listening on [0;1;39minitctl Compatibility Named Pipe[0m.
[[0;32m  OK  [0m] Reached target [0;1;39mPaths[0m.
[[0;32m  OK  [0m] Listening on [0;1;39mJournal Socket[0m.
         Starting [0;1;39mudev Coldplug all Devices[0m...
         Mounting [0;1;39mPOSIX Message Queue File System[0m...
         Starting [0;1;39mLoad Kernel Modules[0m...
         Mounting [0;1;39mHuge Pages File System[0m...
[    6.959638] gve: loading out-of-tree module taints kernel.
[    6.960441] gve: module verification failed: signature and/or required key missing - tainting kernel
         Starting [0;1;39mCreate list of reâ€¦odes for the current kernel[0m...
         Mounting [0;1;39mKernel Debug File System[0m...
         Starting [0;1;39mRemount Root and Kernel File Systems[0m...
[[0;32m  OK  [0m] Listening on [0;1;39mSyslog Socket[0m.
[    7.004587] EXT4-fs (nvme0n1p1): re-mounted. Opts: discard,errors=remount-ro
         Starting [0;1;39mJournal Service[0m...
[[0;32m  OK  [0m] Created slice [0;1;39msystem-systemd\x2dgrowfs.slice[0m.
[[0;32m  OK  [0m] Mounted [0;1;39mPOSIX Message Queue File System[0m.
[[0;32m  OK  [0m] Started [0;1;39mJournal Service[0m.
[[0;32m  OK  [0m] Started [0;1;39mLoad Kernel Modules[0m.
[[0;32m  OK  [0m] Mounted [0;1;39mHuge Pages File System[0m.
[[0;32m  OK  [0m] Started [0;1;39mCreate list of reqâ€¦ nodes for the current kernel[0m.
[[0;32m  OK  [0m] Mounted [0;1;39mKernel Debug File System[0m.
[[0;32m  OK  [0m] Started [0;1;39mRemount Root and Kernel File Systems[0m.
[[0;32m  OK  [0m] Started [0;1;39mudev Coldplug all Devices[0m.
         Starting [0;1;39mHelper to synchronize boot up for ifupdown[0m...
         Starting [0;1;39mGrow File System on /[0m...
[    7.158251] EXT4-fs (nvme0n1p1): resizing filesystem from 13074176 to 13074176 blocks
         Starting [0;1;39mLoad/Save Random Seed[0m...
         Starting [0;1;39mCreate System Users[0m...
         Starting [0;1;39mApply Kernel Variables[0m...
         Starting [0;1;39mFlush Journal to Persistent Storage[0m...
[[0;32m  OK  [0m] Started [0;1;39mHelper to synchronize boot up for ifupdown[0m.
[[0;32m  OK  [0m] Started [0;1;39mGrow File System on /[0m.
[[0;32m  OK  [0m] Started [0;1;39mLoad/Save Random Seed[0m.
[[0;32m  OK  [0m] Started [0;1;39mCreate System Users[0m.
[[0;32m  OK  [0m] Started [0;1;39mApply Kernel Variables[0m.
         Starting [0;1;39mCreate Static Device Nodes in /dev[0m...
[    7.283540] systemd-journald[271]: Received request to flush runtime journal from PID 1
[[0;32m  OK  [0m] Started [0;1;39mCreate Static Device Nodes in /dev[0m.
[[0;32m  OK  [0m] Started [0;1;39mFlush Journal to Persistent Storage[0m.
[[0;32m  OK  [0m] Reached target [0;1;39mLocal File Systems (Pre)[0m.
         Starting [0;1;39mudev Kernel Device Manager[0m...
[[0;32m  OK  [0m] Started [0;1;39mudev Kernel Device Manager[0m.
[    7.378469] input: Power Button as /devices/LNXSYSTM:00/LNXPWRBN:00/input/input2
[    7.379620] EFI Variables Facility v0.08 2004-May-17
[    7.379708] ACPI: Power Button [PWRF]
[    7.381303] input: Sleep Button as /devices/LNXSYSTM:00/LNXSLPBN:00/input/input3
[    7.382915] ACPI: Sleep Button [SLPF]
[    7.392242] tpm_tis MSFT0101:00: 2.0 TPM (device-id 0x9009, rev-id 0)
[    7.393599] RAPL PMU: API unit is 2^-32 Joules, 3 fixed counters, 10737418240 ms ovfl timer
[    7.394810] RAPL PMU: hw unit of domain pp0-core 2^-0 Joules
[    7.394811] RAPL PMU: hw unit of domain package 2^-0 Joules
[    7.394812] RAPL PMU: hw unit of domain dram 2^-16 Joules
[[0;32m  OK  [0m] Found device [0;1;39m/dev/ttyS0[0m.
[    7.398854] pstore: Using compression: deflate
[    7.399549] pstore: Registered efi as persistent store backend
[[0;32m  OK  [0m] Found device [0;1;39mVirtio network device[0m.
[[0;32m  OK  [0m] Found device [0;1;39mnvme_card-pd 15[0m.
         Mounting [0;1;39m/boot/efi[0m...
[[0;32m  OK  [0m] Mounted [0;1;39m/boot/efi[0m.
[[0;32m  OK  [0m] Reached target [0;1;39mLocal File Systems[0m.
         Starting [0;1;39mCreate Volatile Files and Directories[0m...
         Starting [0;1;39mLoad AppArmor profiles[0m...
[[0;32m  OK  [0m] Started [0;1;39mCreate Volatile Files and Directories[0m.
         Starting [0;1;39mUpdate UTMP about System Boot/Shutdown[0m...
[    7.646195] audit: type=1400 audit(1706643371.760:2): apparmor="STATUS" operation="profile_load" profile="unconfined" name="/usr/sbin/haveged" pid=437 comm="apparmor_parser"
[    7.648323] audit: type=1400 audit(1706643371.760:3): apparmor="STATUS" operation="profile_load" profile="unconfined" name="nvidia_modprobe" pid=438 comm="apparmor_parser"
[    7.650358] audit: type=1400 audit(1706643371.760:4): apparmor="STATUS" operation="profile_load" profile="unconfined" name="nvidia_modprobe//kmod" pid=438 comm="apparmor_parser"
[    7.652565] audit: type=1400 audit(1706643371.764:5): apparmor="STATUS" operation="profile_load" profile="unconfined" name="/usr/bin/man" pid=439 comm="apparmor_parser"
[    7.652568] audit: type=1400 audit(1706643371.764:6): apparmor="STATUS" operation="profile_load" profile="unconfined" name="man_filter" pid=439 comm="apparmor_parser"
[    7.652573] audit: type=1400 audit(1706643371.764:7): apparmor="STATUS" operation="profile_load" profile="unconfined" name="man_groff" pid=439 comm="apparmor_parser"
[    7.658477] audit: type=1400 audit(1706643371.768:8): apparmor="STATUS" operation="profile_load" profile="unconfined" name="/usr/sbin/tcpdump" pid=441 comm="apparmor_parser"
[    7.660579] audit: type=1400 audit(1706643371.768:9): apparmor="STATUS" operation="profile_load" profile="unconfined" name="/usr/sbin/chronyd" pid=440 comm="apparmor_parser"
[[0;32m  OK  [0m] Started [0;1;39mUpdate UTMP about System Boot/Shutdown[0m.
[[0;32m  OK  [0m] Started [0;1;39mLoad AppArmor profiles[0m.
[[0;32m  OK  [0m] Started [0;1;39mEntropy daemon using the HAVEGE algorithm[0m.
         Starting [0;1;39mRaise network interfaces[0m...
[[0;32m  OK  [0m] Started [0;1;39mifup for ens4[0m.
[[0;32m  OK  [0m] Reached target [0;1;39mSystem Initialization[0m.
[[0;32m  OK  [0m] Started [0;1;39mDaily man-db regeneration[0m.
         Starting [0;1;39mResize root filesystem if needed[0m...
[[0;32m  OK  [0m] Listening on [0;1;39mD-Bus System Message Bus Socket[0m.
[[0;32m  OK  [0m] Started [0;1;39mDaily Cleanup of Temporary Directories[0m.
[[0;32m  OK  [0m] Started [0;1;39mRun google-wi-idle-shutdown service every minute[0m.
[[0;32m  OK  [0m] Started [0;1;39mDaily rotation of log files[0m.
         Starting [0;1;39mDocker Socket for the API[0m.
[[0;32m  OK  [0m] Started [0;1;39mNSS cache refresh timer[0m.
[[0;32m  OK  [0m] Started [0;1;39mGCE Workload Certificate refresh timer[0m.
[[0;32m  OK  [0m] Reached target [0;1;39mTimers[0m.
[[0;32m  OK  [0m] Listening on [0;1;39mUUID daemon activation socket[0m.
[[0;32m  OK  [0m] Started [0;1;39mResize root filesystem if needed[0m.
[[0;32m  OK  [0m] Listening on [0;1;39mDocker Socket for the API[0m.
[[0;32m  OK  [0m] Reached target [0;1;39mSockets[0m.
[[0;32m  OK  [0m] Reached target [0;1;39mBasic System[0m.
         Starting [0;1;39mRemoves premium features from DLVM.[0m...
[[0;32m  OK  [0m] Started [0;1;39mD-Bus System Message Bus[0m.
         Starting [0;1;39mDaily man-db regeneration[0m...
         Starting [0;1;39mNSS cache refresh[0m...
         Starting [0;1;39mLogin Service[0m...
         Starting [0;1;39mRotate log files[0m...
         Starting [0;1;39mPolls for whetherâ€¦and reports Heartbeat event[0m...
         Starting [0;1;39mGCE Workload Certificate refresh[0m...
         Starting [0;1;39mGoogle C2D startup config[0m...
         Starting [0;1;39mSystem Logging Service[0m...
[[0;32m  OK  [0m] Started [0;1;39mRegular background program processing daemon[0m.
Jan 30 19:36:12 cybulde-none-20240130140221-mpqc systemd-modules-load[265]: Inserted module 'gve'
Jan 30 19:36:12 cybulde-none-20240130140221-mpqc systemd[1]: Started Load Kernel Modules.
Jan 30 19:36:12 cybulde-none-20240130140221-mpqc systemd[1]: Mounted Huge Pages File System.
Jan 30 19:36:12 cybulde-none-20240130140221-mpqc kernel: [    0.000000] Linux version 4.19.0-25-cloud-amd64 (debian-kernel@lists.debian.org) (gcc version 8.3.0 (Debian 8.3.0-6)) #1 SMP Debian 4.19.289-2 (2023-08-08)
Jan 30 19:36:12 cybulde-none-20240130140221-mpqc systemd[1]: Started Create list of required static device nodes for the current kernel.
Jan 30 19:36:12 cybulde-none-20240130140221-mpqc systemd[1]: Mounted Kernel Debug File System.
Jan 30 19:36:12 cybulde-none-20240130140221-mpqc kernel: [    0.000000] Command line: BOOT_IMAGE=/boot/vmlinuz-4.19.0-25-cloud-amd64 root=UUID=22f0b90d-b27c-40e9-95cf-9a74d0fe864e ro console=tty0 console=ttyS0,115200 earlyprintk=ttyS0,115200 scsi_mod.use_blk_mq=Y
Jan 30 19:36:12 cybulde-none-20240130140221-mpqc systemd[1]: Started Remount Root and Kernel File Systems.
Jan 30 19:36:12 cybulde-none-20240130140221-mpqc kernel: [    0.000000] BIOS-provided physical RAM map:
Jan 30 19:36:12 cybulde-none-20240130140221-mpqc kernel: [    0.000000] BIOS-e820: [mem 0x0000000000000000-0x0000000000000fff] reserved
Jan 30 19:36:12 cybulde-none-20240130140221-mpqc kernel: [    0.000000] BIOS-e820: [mem 0x0000000000001000-0x0000000000054fff] usable
Jan 30 19:36:12 cybulde-none-20240130140221-mpqc systemd[1]: Started udev Coldplug all Devices.
Jan 30 19:36:12 cybulde-none-20240130140221-mpqc kernel: [    0.000000] BIOS-e820: [mem 0x0000000000055000-0x000000000005ffff] reserved
Jan 30 19:36:12 cybulde-none-20240130140221-mpqc kernel: [    0.000000] BIOS-e820: [mem 0x0000000000060000-0x0000000000097fff] usable
Jan 30 19:36:12 cybulde-none-20240130140221-mpqc kernel: [    0.000000] BIOS-e820: [mem 0x0000000000098000-0x000000000009ffff] reserved
Jan 30 19:36:12 cybulde-none-20240130140221-mpqc systemd[1]: Starting Helper to synchronize boot up for ifupdown...
Jan 30 19:36:12 cybulde-none-20240130140221-mpqc kernel: [    0.000000] BIOS-e820: [mem 0x0000000000100000-0x00000000bf8ecfff] usable
Jan 30 19:36:12 cybulde-none-20240130140221-mpqc kernel: [    0.000000] BIOS-e820: [mem 0x00000000bf8ed000-0x00000000bf9ecfff] reserved
Jan 30 19:36:12 cybulde-none-20240130140221-mpqc kernel: [    0.000000] BIOS-e820: [mem 0x00000000bf9ed000-0x00000000bfaecfff] type 20
Jan 30 19:36:12 cybulde-none-20240130140221-mpqc systemd[1]: Starting Grow File System on /...
Jan 30 19:36:12 cybulde-none-20240130140221-mpqc kernel: [    0.000000] BIOS-e820: [mem 0x00000000bfaed000-0x00000000bfb6cfff] reserved
Jan 30 19:36:12 cybulde-none-20240130140221-mpqc kernel: [    0.000000] BIOS-e820: [mem 0x00000000bfb6d000-0x00000000bfb7efff] ACPI data
Jan 30 19:36:12 cybulde-none-20240130140221-mpqc systemd-growfs[276]: Partition size 53551825408 is not a multiple of the blocksize 4096, ignoring 512 bytes
Jan 30 19:36:12 cybulde-none-20240130140221-mpqc kernel: [    0.000000] BIOS-e820: [mem 0x00000000bfb7f000-0x00000000bfbfefff] ACPI NVS
Jan 30 19:36:12 cybulde-none-20240130140221-mpqc kernel: [    0.000000] BIOS-e820: [mem 0x00000000bfbff000-0x00000000bffdffff] usable
Jan 30 19:36:12 cybulde-none-20240130140221-mpqc kernel: [    0.000000] BIOS-e820: [mem 0x00000000bffe0000-0x00000000bfffffff] reserved
Jan 30 19:36:12 cybulde-none-20240130140221-mpqc systemd-growfs[276]: Successfully resized "/" to 49.8G bytes (13074176 blocks of 4096 bytes).
Jan 30 19:36:12 cybulde-none-20240130140221-mpqc systemd[1]: Condition check resulted in Rebuild Hardware Database being skipped.
Jan 30 19:36:12 cybulde-none-20240130140221-mpqc kernel: [    0.000000] BIOS-e820: [mem 0x0000000100000000-0x000000083fffffff] usable
Jan 30 19:36:12 cybulde-none-20240130140221-mpqc kernel: [    0.000000] bootconsole [earlyser0] enabled
Jan 30 19:36:12 cybulde-none-20240130140221-mpqc kernel: [    0.000000] NX (Execute Disable) protection: active
Jan 30 19:36:12 cybulde-none-20240130140221-mpqc systemd[1]: Starting Load/Save Random Seed...
Jan 30 19:36:12 cybulde-none-20240130140221-mpqc kernel: [    0.000000] efi: EFI v2.70 by EDK II
Jan 30 19:36:12 cybulde-none-20240130140221-mpqc systemd[1]: Starting Create System Users...
Jan 30 19:36:12 cybulde-none-20240130140221-mpqc systemd[1]: Condition check resulted in Kernel Configuration File System being skipped.
Jan 30 19:36:12 cybulde-none-20240130140221-mpqc systemd[1]: Condition check resulted in FUSE Control File System being skipped.
Jan 30 19:36:12 cybulde-none-20240130140221-mpqc kernel: [    0.000000] efi:  ACPI=0xbfb7e000  ACPI 2.0=0xbfb7e014  SMBIOS=0xbf9ca000  MEMATTR=0xbe387018 
Jan 30 19:36:12 cybulde-none-20240130140221-mpqc kernel: [    0.000000] secureboot: Secure boot disabled
Jan 30 19:36:12 cybulde-none-20240130140221-mpqc systemd[1]: Starting Apply Kernel Variables...
Jan 30 19:36:12 cybulde-none-20240130140221-mpqc kernel: [    0.000000] SMBIOS 2.4 present.
Jan 30 19:36:12 cybulde-none-20240130140221-mpqc kernel: [    0.000000] DMI: Google Google Compute Engine/Google Compute Engine, BIOS Google 11/17/2023
Jan 30 19:36:12 cybulde-none-20240130140221-mpqc kernel: [    0.000000] Hypervisor detected: KVM
Jan 30 19:36:12 cybulde-none-20240130140221-mpqc systemd[1]: Starting Flush Journal to Persistent Storage...
Jan 30 19:36:12 cybulde-none-20240130140221-mpqc kernel: [    0.000000] kvm-clock: Using msrs 4b564d01 and 4b564d00
Jan 30 19:36:12 cybulde-none-20240130140221-mpqc kernel: [    0.000000] kvm-clock: cpu 0, msr 5fc751001, primary cpu clock
Jan 30 19:36:12 cybulde-none-20240130140221-mpqc kernel: [    0.000000] kvm-clock: using sched offset of 8962259984 cycles
Jan 30 19:36:12 cybulde-none-20240130140221-mpqc systemd[1]: Started Helper to synchronize boot up for ifupdown.
Jan 30 19:36:12 cybulde-none-20240130140221-mpqc kernel: [    0.000749] clocksource: kvm-clock: mask: 0xffffffffffffffff max_cycles: 0x1cd42e4dffb, max_idle_ns: 881590591483 ns
Jan 30 19:36:12 cybulde-none-20240130140221-mpqc kernel: [    0.002836] tsc: Detected 2200.172 MHz processor
Jan 30 19:36:12 cybulde-none-20240130140221-mpqc kernel: [    0.003506] e820: update [mem 0x00000000-0x00000fff] usable ==> reserved
Jan 30 19:36:12 cybulde-none-20240130140221-mpqc systemd[1]: Started Grow File System on /.
Jan 30 19:36:12 cybulde-none-20240130140221-mpqc kernel: [    0.003508] e820: remove [mem 0x000a0000-0x000fffff] usable
Jan 30 19:36:12 cybulde-none-20240130140221-mpqc kernel: [    0.003513] last_pfn = 0x840000 max_arch_pfn = 0x400000000
Jan 30 19:36:12 cybulde-none-20240130140221-mpqc kernel: [    0.004358] MTRR default type: write-back
Jan 30 19:36:12 cybulde-none-20240130140221-mpqc kernel: [    0.004359] MTRR fixed ranges enabled:
Jan 30 19:36:12 cybulde-none-20240130140221-mpqc kernel: [    0.004360]   00000-9FFFF write-back
Jan 30 19:36:12 cybulde-none-20240130140221-mpqc kernel: [    0.004361]   A0000-FFFFF uncachable
Jan 30 19:36:12 cybulde-none-20240130140221-mpqc systemd[1]: Started Load/Save Random Seed.
Jan 30 19:36:12 cybulde-none-20240130140221-mpqc kernel: [    0.004361] MTRR variable ranges enabled:
Jan 30 19:36:12 cybulde-none-20240130140221-mpqc kernel: [    0.004363]   0 base 0000C0000000 mask 3FFFC0000000 uncachable
Jan 30 19:36:12 cybulde-none-20240130140221-mpqc kernel: [    0.004363]   1 disabled
Jan 30 19:36:12 cybulde-none-20240130140221-mpqc systemd[1]: Started Create System Users.
Jan 30 19:36:12 cybulde-none-20240130140221-mpqc kernel: [    0.004363]   2 disabled
Jan 30 19:36:12 cybulde-none-20240130140221-mpqc kernel: [    0.004364]   3 disabled
Jan 30 19:36:12 cybulde-none-20240130140221-mpqc kernel: [    0.004364]   4 disabled
Jan 30 19:36:12 cybulde-none-20240130140221-mpqc systemd[1]: Started Apply Kernel Variables.
Jan 30 19:36:12 cybulde-none-20240130140221-mpqc kernel: [    0.004365]   5 disabled
Jan 30 19:36:12 cybulde-none-20240130140221-mpqc kernel: [    0.004365]   6 disabled
Jan 30 19:36:12 cybulde-none-20240130140221-mpqc kernel: [    0.004365]   7 disabled
Jan 30 19:36:12 cybulde-none-20240130140221-mpqc kernel: [    0.004378] x86/PAT: Configuration [0-7]: WB  WC  UC- UC  WB  WP  UC- WT  
Jan 30 19:36:12 cybulde-none-202[[0;32m  OK  [0m] Started [0;1;39mSystem Logging Service[0m.
40130140221-mpqc systemd[1]: Starting Create Static Device Nodes in /dev...
Jan 30 19:36:12 cybulde-none-20240130140221-mpqc kernel: [    0.005822] last_pfn = 0xbffe0 max_arch_pfn = 0x400000000
Jan 30 19:36:12 cybulde-none-20240130140221-mpqc systemd[1]: Started Create Static Device Nodes in /dev.
Jan 30 19:36:12 cybulde-none-20240130140221-mpqc kernel: [    0.006586] Using GB pages for direct mapping
Jan 30 19:36:12 cybulde-none-20240130140221-mpqc kernel: [    0.007487] RAMDISK: [mem 0x36509000-0x3727bfff]
Jan 30 19:36:12 cybulde-none-20240130140221-mpqc systemd[1]: Started Flush Journal to Persistent Storage.
Jan 30 19:36:12 cybulde-none-20240130140221-mpqc kernel: [    0.008279] ACPI: Early table checksum verification disabled
Jan 30 19:36:12 cybulde-none-20240130140221-mpqc kernel: [    0.009004] ACPI: RSDP 0x00000000BFB7E014 000024 (v02 Google)
Jan 30 19:36:12 cybulde-none-20240130140221-mpqc kernel: [    0.009764] ACPI: XSDT 0x00000000BFB7D0E8 00005C (v01 Google GOOGFACP 00000001      01000013)
Jan 30 19:36:12 cybulde-none-20240130140221-mpqc kernel: [    0.011285] ACPI: FACP 0x00000000BFB78000 0000F4 (v02 Google GOOGFACP 00000001 GOOG 00000001)
Jan 30 19:36:12 cybulde-none-20240130140221-mpqc kernel: [    0.012427] ACPI: DSDT 0x00000000BFB79000 0019F1 (v01 Google GOOGDSDT 00000001 GOOG 00000001)
Jan 30 19:36:12 cybulde-none-20240130140221-mpqc systemd[1]: Reached target Local File Systems (Pre).
Jan 30 19:36:12 cybulde-none-20240130140221-mpqc kernel: [    0.013732] ACPI: FACS 0x00000000BFBF2000 000040
Jan 30 19:36:12 cybulde-none-20240130140221-mpqc systemd[1]: Starting udev Kernel Device Manager...
Jan 30 19:36:12 cybulde-none-20240130140221-mpqc kernel: [    0.014321] ACPI: SSDT 0x00000000BFB7C000 000316 (v02 GOOGLE Tpm2Tabl 00001000 INTL 20211217)
Jan 30 19:36:12 cybulde-none-20240130140221-mpqc kernel: [    0.015431] ACPI: TPM2 0x00000000BFB7B000 000034 (v04 GOOGLE          00000001 GOOG 00000001)
Jan 30 19:36:12 cybulde-none-20240130140221-mpqc kernel: [    0.016592] ACPI: SRAT 0x00000000BFB77000 000128 (v03 Google GOOGSRAT 00000001 GOOG 00000001)
Jan 30 19:36:12 cybulde-none-20240130140221-mpqc systemd[1]: Started udev Kernel Device Manager.
Jan 30 19:36:12 cybulde-none-20240130140221-mpqc kernel: [    0.017778] ACPI: APIC 0x00000000BFB76000 0000A6 (v05 Google GOOGAPIC 00000001 GOOG 00000001)
Jan 30 19:36:12 cybulde-none-20240130140221-mpqc kernel: [    0.018959] ACPI: SSDT 0x00000000BFB75000 000BC6 (v01 Google GOOGSSDT 00000001 GOOG 00000001)
Jan 30 19:36:12 cybulde-none-20240130140221-mpqc systemd-udevd[305]: nvme0n1: Failed to open ATTR{/sys/devices/pci0000:00/0000:00:06.0/nvme/nvme0/nvme0n1/queue/io_timeout} for writing: Permission denied
Jan 30 19:36:12 cybulde-none-20240130140221-mpqc kernel: [    0.020058] ACPI: WAET 0x00000000BFB74000 000028 (v01 Google GOOGWAET 00000001 GOOG 00000001)
Jan 30 19:36:12 cybulde-none-20240130140221-mpqc kernel: [    0.021517] ACPI: Reserving FACP table memory at [mem 0xbfb78000-0xbfb780f3]
Jan 30 19:36:12 cybulde-none-20240130140221-mpqc kernel: [    0.022515] ACPI: Reserving DSDT table memory at [mem 0xbfb79000-0xbfb7a9f0]
Jan 30 19:36:12 cybulde-none-20240130140221-mpqc systemd[1]: Found device /dev/ttyS0.
Jan 30 19:36:12 cybulde-none-20240130140221-mpqc kernel: [    0.023544] ACPI: Reserving FACS table memory at [mem 0xbfbf2000-0xbfbf203f]
Jan 30 19:36:12 cybulde-none-20240130140221-mpqc systemd-udevd[292]: Using default interface naming scheme 'v240'.
Jan 30 19:36:12 cybulde-none-20240130140221-mpqc kernel: [    0.025124] ACPI: Reserving SSDT table memory at [mem 0xbfb7c000-0xbfb7c315]
Jan 30 19:36:12 cybulde-none-20240130140221-mpqc kernel: [    0.026090] ACPI: Reserving TPM2 table memory at [mem 0xbfb7b000-0xbfb7b033]
Jan 30 19:36:12 cybulde-none-20240130140221-mpqc kernel: [    0.027191] ACPI: Reserving SRAT table memory at [mem 0xbfb77000-0xbfb77127]
Jan 30 19:36:12 cybulde-none-20240130140221-mpqc systemd-udevd[292]: link_config: autonegotiation is unset or enabled, the speed and duplex are not writable.
Jan 30 19:36:12 cybulde-none-20240130140221-mpqc kernel[: [    0.028091] ACPI: Reserving APIC table memory at [mem 0xbfb76000-0xbfb760a5]
Jan 30 19:36:12 cybulde-none-20240130140221-mpqc kernel: [    0.029081] ACPI: Reserving SSDT table memory at [mem 0xbfb75000-0xbfb75bc5]
Jan 30 19:36:12 cybulde-none-20240130140221-mpqc kernel: [    0.030137] ACPI: Reserving WAET table memory at [mem 0xbfb74000-0xbfb74027]
Jan 30 19:36:12 cybulde-none-20240130140221-mpqc kernel: [    0.031105] ACPI: Local APIC address 0xfee00000
Jan 30 19:36:12 cybulde-none-20240130140221-mpqc kernel: [    0.031189] SRAT: PXM 0 -> APIC 0x00 -> Node 0
Jan 30 19:36:12 cybulde-none-20240130140221-mpqc systemd-udevd[327]: link_config: autonegotiation is unset or enabled, the speed and duplex are not writable.
Jan 30 19:36:12 cybulde-none-20240130140221-mpqc kernel: [    0.031795] SRAT: PXM 0 -> APIC 0x01 -> Node 0
Jan 30 19:36:12 cybulde-none-20240130140221-mpqc cloud-ifupdown-helper: Generated configuration for ens4
Jan 30 19:36:12 cybulde-none-20240130140221-mpqc kernel: [    0.032360] SRAT: PXM 0 -> APIC 0x02 -> Node 0
Jan 30 19:36:12 cybulde-none-20240130140221-mpqc kernel: [    0.032956] SRAT: PXM 0 -> APIC 0x03 -> Node 0
Jan 30 19:36:12 cybulde-none-20240130140221-mpqc kernel: [    0.033597] SRAT: PXM 0 -> APIC 0x04 -> Node 0
Jan 30 19:36:12 cybulde-none-20240130140221-mpqc kernel: [    0.034168] SRAT: PXM 0 -> APIC 0x05 -> Node 0
Jan 30 19:36:12 cybulde-none-20240130140221-mpqc kernel: [    0.034802] SRAT: PXM 0 -> APIC 0x06 -> Node 0
Jan 30 19:36:12 cybulde-none-20240130140221-mpqc kernel: [    0.035369] SRAT: PXM 0 -> APIC 0x07 -> Node 0
Jan 30 19:36:12 cybulde-none-20240130140221-mpqc systemd[1]: Found device Virtio network device.
Jan 30 19:36:12 cybulde-none-20240130140221-mpqc kernel: [    0.035937] ACPI: SRAT: Node 0 PXM 0 [mem 0x00000000-0x0009ffff]
Jan 30 19:36:12 cybulde-none-20240130140221-mpqc kernel: [    0.036749] ACPI: SRAT: Node 0 PXM 0 [mem 0x00100000-0xbfffffff]
Jan 30 19:36:12 cybulde-none-20240130140221-mpqc kernel: [    0.037516] ACPI: SRAT: Node 0 PXM 0 [mem 0x100000000-0x83fffffff]
Jan 30 19:36:12 cybulde-none-20240130140221-mpqc kernel: [    0.038306] NUMA: Node 0 [mem 0x00000000-0x0009ffff] + [mem 0x00100000-0xbfffffff] -> [mem 0x00000000-0xbfffffff]
Jan 30 19:36:12 cybulde-none-20240130140221-mpqc kernel: [    0.039675] NUMA: Node 0 [mem 0x00000000-0xbfffffff] + [mem 0x100000000-0x83fffffff] -> [mem 0x00000000-0x83fffffff]
Jan 30 19:36:12 cybulde-none-20240130140221-mpqc systemd[1]: Found device nvme_card-pd 15.
Jan 30 19:36:12 cybulde-none-20240130140221-mpqc kernel: [    0.041088] NODE_DATA(0) allocated [mem 0x83fffb000-0x83fffffff]
Jan 30 19:36:12 cybulde-none-20240130140221-mpqc systemd[1]: Mounting /boot/efi...
Jan 30 19:36:12 cybulde-none-20240130140221-mpqc kernel: [    0.041937] Zone ranges:
Jan 30 19:36:12 cybulde-none-20240130140221-mpqc kernel: [    0.042330]   DMA      [mem 0x0000000000001000-0x0000000000ffffff]
Jan 30 19:36:12 cybulde-none-20240130140221-mpqc kernel: [    0.043179]   DMA32    [mem 0x0000000001000000-0x00000000ffffffff]
Jan 30 19:36:12 cybulde-none-20240130140221-mpqc systemd[1]: Mounted /boot/efi.
Jan 30 19:36:12 cybulde-none-20240130140221-mpqc kernel: [    0.044016]   Normal   [mem 0x0000000100000000-0x000000083fffffff]
Jan 30 19:36:12 cybulde-none-20240130140221-mpqc systemd[1]: Reached target Local File Systems.
Jan 30 19:36:12 cybulde-none-20240130140221-mpqc kernel: [    0.044805]   Device   empty
Jan 30 19:36:12 cybulde-none-20240130140221-mpqc kernel: [    0.045172] Movable zone start for each node
Jan 30 19:36:12 cybulde-none-20240130140221-mpqc systemd[1]: Starting Create Volatile Files and Directories...
Jan 30 19:36:12 cybulde-none-20240130140221-mpqc kernel: [    0.045761] Early memory node ranges
Jan 30 19:36:12 cybulde-none-20240130140221-mpqc kernel: [    0.046215]   node   0: [mem 0x0000000000001000-0x0000000000054fff]
Jan 30 19:36:12 cybulde-none-20240130140221-mpqc systemd[1]: Starting Load AppArmor profiles...
Jan 30 19:36:12 cybulde-none-20240130140221-mpqc kernel: [    0.047078]   node   0: [mem 0x0000000000060000-0x0000000000097fff]
Jan 30 19:36:12 cybulde-none-20240130140221-mpqc kernel: [    0.047959]   node   0: [mem 0x0000000000100000-0x00000000bf8ecfff]
Jan 30 19:36:12 cybulde-none-20240130140221-mpqc kernel: [    0.048761]   node   0: [mem 0x00000000bfbff000-0x00000000bffdffff]
Jan 30 19:36:12 cybulde-none-20240130140221-mpqc kernel: [    0.049617]   node   0: [mem 0x0000000100000000-0x000000083fffffff]
Jan 30 19:36:12 cybulde-none-20240130140221-mpqc apparmor.systemd[431]: Restarting AppArmor
Jan 30 19:36:12 cybulde-none-20240130140221-mpqc kernel: [    0.050534] Zeroed struct page in unavailable ranges: 934 pages
Jan 30 19:36:12 cybulde-none-20240130140221-mpqc kernel: [    0.050536] Initmem setup node 0 [mem 0x0000000000001000-0x000000083fffffff]
Jan 30 19:36:12 cybulde-none-20240130140221-mpqc kernel: [    0.052200] On node 0 totalpages: 8387674
Jan 30 19:36:12 cybulde-none-20240130140221-mpqc kernel: [    0.052206]   DMA zone: 64 pages used for memmap
Jan 30 19:36:12 cybulde-none-20240130140221-mpqc apparmor.systemd[431]: Reloading AppArmor profiles
Jan 30 19:36:12 cybulde-none-20240130140221-mpqc kernel: [    0.052206]   DMA zone: 3121 pages reserved
Jan 30 19:36:12 cybulde-none-20240130140221-mpqc kernel: [    0.052207]   DMA zone: 3980 pages, LIFO batch:0
Jan 30 19:36:12 cybulde-none-20240130140221-mpqc systemd[1]: Condition check resulted in Commit a transient machine-id on disk being skipped.
Jan 30 19:36:12 cybulde-none-20240130140221-mpqc kernel: [    0.052298]   DMA32 zone: 12212 pages used for memmap
Jan 30 19:36:12 cybulde-none-20240130140221-mpqc kernel: [    0.052298]   DMA32 zone: 781518 pages, LIFO batch:63
Jan 30 19:36:12 cybulde-none-20240130140221-mpqc kernel: [    0.069065]   Normal zone: 118784 pages used for memmap
Jan 30 19:36:12 cybulde-none-20240130140221-mpqc kernel: [    0.069066]   Normal zone: 7602176 pages, LIFO batch:63
Jan 30 19:36:12 cybulde-none-20240130140221-mpqc kernel: [    0.221078] ACPI: PM-Timer IO Port: 0xb008
Jan 30 19:36:12 cybulde-none-20240130140221-mpqc systemd[1]: Started Create Volatile Files and Directories.
Jan 30 19:36:12 cybulde-none-20240130140221-mpqc kernel: [    0.221952] ACPI: Local APIC address 0xfee00000
Jan 30 19:36:12 cybulde-none-20240130140221-mpqc systemd[1]: Starting Update UTMP about System Boot/Shutdown...
Jan 30 19:36:12 cybulde-none-20240130140221-mpqc kernel: [    0.221964] ACPI: LAPIC_NMI (acpi_id[0xff] dfl dfl lint[0x1])
Jan 30 19:36:12 cybulde-none-20240130140221-mpqc systemd[1]: Started Update UTMP about System Boot/Shutdown.
Jan 30 19:36:12 cybulde-none-20240130140221-mpqc kernel: [    0.222769] IOAPIC[0]: apic_id 0, version 17, address 0xfec00000, GSI 0-23
Jan 30 19:36:12 cybulde-none-20240130140221-mpqc kernel: [    0.223659] ACPI: INT_SRC_OVR (bus 0 bus_irq 5 global_irq 5 high level)
Jan 30 19:36:12 cybulde-none-20240130140221-mpqc kernel: [    0.224549] ACPI: INT_SRC_OVR (bus 0 bus_irq 9 global_irq 9 high level)
Jan 30 19:36:12 cybulde-none-20240130140221-mpqc systemd[1]: Started Load AppArmor profiles.
Jan 30 19:36:12 cybulde-none-20240130140221-mpqc kernel: [    0.225393] ACPI: INT_SRC_OVR (bus 0 bus_irq 10 global_irq 10 high level)
Jan 30 19:36:12 cybulde-none-20240130140221-mpqc systemd[1]: Started Entropy daemon using the HAVEGE algorithm.
Jan 30 19:36:12 cybulde-none-20240130140221-mpqc systemd[1]: Starting Raise network interfaces...
Jan 30 19:36:12 cybulde-none-20240130140221-mpqc systemd[1]: Started ifup for ens4.
Jan 30 19:36:12 cybulde-none-20240130140221-mpqc ifup[444]: ifup: waiting for lock on /run/network/ifstate.ens4
Jan 30 19:36:12 cybulde-none-20240130140221-mpqc systemd[1]: Reached target System Initialization.
Jan 30 19:36:12 cybulde-none-20240130140221-mpqc systemd[1]: Started Daily man-db regeneration.
Jan 30 19:36:12 cybulde-none-20240130140221-mpqc dhclient[470]: Internet Systems Consortium DHCP Client 4.4.1
Jan 30 19:36:12 cybulde-none-20240130140221-mpqc sh[451]: Internet Systems Consortium DHCP Client 4.4.1
Jan 30 19:36:12 cybulde-none-20240130140221-mpqc sh[451]: Copyright 2004-2018 Internet Systems Consortium.
Jan 30 19:36:12 [0;32m  OK  [0m] Started [0;1;39mNSS cache refresh[0m.
cybulde-none-20240130140221-mpqc sh[451]: All rights reserved.
Jan 30 19:36:12 cybulde-none-20240130140221-mpqc sh[451]: For info, please visit https://www.isc.org/software/dhcp/
Jan 30 19:36:12 cybulde-none-20240130140221-mpqc dhclient[470]: Copyright 2004-2018 Internet Systems Consortium.
Jan 30 19:36:12 cybulde-none-20240130140221-mpqc dhclient[470]: All rights reserved.
Jan 30 19:36:12 cybulde-none-20240130140221-mpqc dhclient[470]: For info, please visit https://www.isc.org/software/dhcp/
Jan 30 19:36:12 cybulde-none-20240130140221-mpqc dhclient[470]: 
Jan 30 19:36:12 cybulde-none-20240130140221-mpqc systemd[1]: Starting Resize root filesystem if needed...
Jan 30 19:36:12 cybulde-none-20240130140221-mpqc google_disk_expand[474]: Checking if filesystem on /dev/nvme0n1p1 needs resizing
Jan 30 19:36:12 cybulde-none-20240130140221-mpqc systemd[1]: Listening on D-Bus System Message Bus Socket.
Jan 30 19:36:12 cybulde-none-20240130140221-mpqc google_disk_expand[474]: resize2fs 1.44.5 (15-Dec-2018)
Jan 30 19:36:12 cybulde-none-20240130140221-mpqc kernel: [    0.226320] ACPI: INT_SRC_OVR (bus 0 bus_irq 11 global_irq 11 high level)
Jan 30 19:36:12 cybulde-none-20240130140221-mpqc google_disk_expand[474]: The filesystem is already 13074176 (4k) blocks long.  Nothing to do!
Jan 30 19:36:12 cybulde-none-20240130140221-mpqc kernel: [    0.227185] ACPI: IRQ5 used by override.
Jan 30 19:36:12 cybulde-none-20240130140221-mpqc google_disk_expand[474]: Done.
Jan 30 19:36:12 cybulde-none-20240130140221-mpqc kernel: [    0.227186] ACPI: IRQ9 used by override.
Jan 30 19:36:12 cybulde-none-20240130140221-mpqc kernel: [    0.227187] ACPI: IRQ10 used by override.
Jan 30 19:36:12 cybulde-none-20240130140221-mpqc kernel: [    0.227187] ACPI: IRQ11 used by override.
Jan 30 19:36:12 cybulde-none-20240130140221-mpqc systemd[1]: Started Daily Cleanup of Temporary Directories.
Jan 30 19:36:12 cybulde-none-20240130140221-mpqc kernel: [    0.227189] Using ACPI (MADT) for SMP configuration information
Jan 30 19:36:12 cybulde-none-20240130140221-mpqc kernel: [    0.227985] smpboot: Allowing 8 CPUs, 0 hotplug CPUs
Jan 30 19:36:12 cybulde-none-20240130140221-mpqc kernel: [    0.228692] PM: Registered nosave memory: [mem 0x00000000-0x00000fff]
Jan 30 19:36:12 cybulde-none-20240130140221-mpqc kernel: [    0.229525] PM: Registered nosave memory: [mem 0x00055000-0x0005ffff]
Jan 30 19:36:12 cybulde-none-20240130140221-mpqc sh[451]: Listening on LPF/ens4/42:01:0a:96:00:24
Jan 30 19:36:12 cybulde-none-20240130140221-mpqc kernel: [    0.230346] PM: Registered nosave memory: [mem 0x00098000-0x0009ffff]
Jan 30 19:36:12 cybulde-none-20240130140221-mpqc kernel: [    0.231167] PM: Registered nosave memory: [mem 0x000a0000-0x000fffff]
Jan 30 19:36:12 cybulde-none-20240130140221-mpqc kernel: [    0.232018] PM: Registered nosave memory: [mem 0xbf8ed000-0xbf9ecfff]
Jan 30 19:36:12 cybulde-none-20240130140221-mpqc sh[451]: Sending on   LPF/ens4/42:01:0a:96:00:24
Jan 30 19:36:12 cybulde-none-20240130140221-mpqc kernel: [    0.232839] PM: Registered nosave memory: [mem 0xbf9ed000-0xbfaecfff]
Jan 30 19:36:12 cybulde-none-20240130140221-mpqc sh[451]: Sending on   Socket/fallback
Jan 30 19:36:12 cybulde-none-20240130140221-mpqc kernel: [    0.233661] PM: Registered nosave memory: [mem 0xbfaed000-0xbfb6cfff]
Jan 30 19:36:12 cybulde-none-20240130140221-mpqc kernel: [    0.234483] PM: Registered nosave memory: [mem 0xbfb6d000-0xbfb7efff]
Jan 30 19:36:12 cybulde-none-20240130140221-mpqc kernel: [    0.235392] PM: Registered nosave memory: [mem 0xbfb7f000-0xbfbfefff]
Jan 30 19:36:12 cybulde-none-20240130140221-mpqc sh[451]: Created duid "\000\001\000\001-L\014+B\001\012\226\000$".
Jan 30 19:36:12 cybulde-none-20240130140221-mpqc kernel: [    0.236636] PM: Registered nosave memory: [mem 0xbffe0000-0xbfffffff]
Jan 30 19:36:12 cybulde-none-20240130140221-mpqc kernel: [    0.237483] PM: Registered nosave memory: [mem 0xc0000000-0xffffffff]
Jan 30 19:36:12 cybulde-none-20240130140221-mpqc kernel: [    0.238307] [mem 0xc0000000-0xffffffff] available for PCI devices
Jan 30 19:36:12 cybulde-none-20240130140221-mpqc sh[451]: DHCPDISCOVER on ens4 to 255.255.255.255 port 67 interval 5
Jan 30 19:36:12 cybulde-none-20240130140221-mpqc kernel: [    0.239084] Booting paravirtualized kernel on KVM
Jan 30 19:36:12 cybulde-none-20240130140221-mpqc kernel: [    0.239688] clocksource: refined-jiffies: mask: 0xffffffff max_cycles: 0xffffffff, max_idle_ns: 7645519600211568 ns
Jan 30 19:36:12 cybulde-none-20240130140221-mpqc kernel: [    0.318168] setup_percpu: NR_CPUS:512 nr_cpumask_bits:512 nr_cpu_ids:8 nr_node_ids:1
Jan 30 19:36:12 cybulde-none-20240130140221-mpqc dhclient[470]: Listening on LPF/ens4/42:01:0a:96:00:24
Jan 30 19:36:12 cybulde-none-20240130140221-mpqc dhclient[470]: Sending on   LPF/ens4/42:01:0a:96:00:24
Jan 30 19:36:12 cybulde-none-20240130140221-mpqc kernel: [    0.319651] percpu: Embedded 49 pages/cpu s162584 r8192 d29928 u262144
Jan 30 19:36:12 cybulde-none-20240130140221-mpqc kernel: [    0.320593] pcpu-alloc: s162584 r8192 d29928 u262144 alloc=1*2097152
Jan 30 19:36:12 cybulde-none-20240130140221-mpqc kernel: [    0.320594] pcpu-alloc: [0] 0 1 2 3 4 5 6 7 
Jan 30 19:36:12 cybulde-none-20240130140221-mpqc dhclient[470]: Sending on   Socket/fallback
Jan 30 19:36:12 cybulde-none-20240130140221-mpqc kernel: [    0.320635] PV qspinlock hash table entries: 256 (order: 0, 4096 bytes)
Jan 30 19:36:12 cybulde-none-20240130140221-mpqc kernel: [    0.321520] Built 1 zonelists, mobility grouping on.  Total pages: 8253493
Jan 30 19:36:12 cybulde-none-20240130140221-mpqc kernel: [    0.322572] Policy zone: Normal
Jan 30 19:36:12 cybulde-none-20240130140221-mpqc dhclient[470]: Created duid "\000\001\000\001-L\014+B\001\012\226\000$".
Jan 30 19:36:12 cybulde-none-20240130140221-mpqc kernel: [    0.322973] Kernel command line: BOOT_IMAGE=/boot/vmlinuz-4.19.0-25-cloud-amd64 root=UUID=22f0b90d-b27c-40e9-95cf-9a74d0fe864e ro console=tty0 console=ttyS0,115200 earlyprintk=ttyS0,115200 scsi_mod.use_blk_mq=Y
Jan 30 19:36:12 cybulde-none-20240130140221-mpqc kernel: [    0.402701] Memory: 32879368K/33550696K available (10252K kernel code, 1098K rwdata, 2620K rodata, 1500K init, 796K bss, 671328K reserved, 0K cma-reserved)
Jan 30 19:36:12 cybulde-none-20240130140221-mpqc kernel: [    0.405156] SLUB: HWalign=64, Order=0-3, MinObjects=0, CPUs=8, Nodes=1
Jan 30 19:36:12 cybulde-none-20240130140221-mpqc dhclient[470]: DHCPDISCOVER on ens4 to 255.255.255.255 port 67 interval 5
Jan 30 19:36:12 cybulde-none-20240130140221-mpqc kernel: [    0.406328] ftrace: allocating 27570 entries in 108 pages
Jan 30 19:36:12 cybulde-none-20240130140221-mpqc kernel: [    0.417573] rcu: Hierarchical RCU implementation.
Jan 30 19:36:12 cybulde-none-20240130140221-mpqc dhclient[470]: DHCPOFFER of 10.150.0.36 from 169.254.169.254
Jan 30 19:36:12 cybulde-none-20240130140221-mpqc kernel: [    0.418259] rcu: 	RCU restricting CPUs from NR_CPUS=512 to nr_cpu_ids=8.
Jan 30 19:36:12 cybulde-none-20240130140221-mpqc kernel: [    0.419110] rcu: Adjusting geometry for rcu_fanout_leaf=16, nr_cpu_ids=8
Jan 30 19:36:12 cybulde-none-20240130140221-mpqc kernel: [    0.422345] NR_IRQS: 33024, nr_irqs: 488, preallocated irqs: 16
Jan 30 19:36:12 cybulde-none-20240130140221-mpqc sh[451]: DHCPOFFER of 10.150.0.36 from 169.254.169.254
Jan 30 19:36:12 cybulde-none-20240130140221-mpqc kernel: [    0.423329] random: crng init done
Jan 30 19:36:12 cybulde-none-20240130140221-mpqc sh[451]: DHCPREQUEST for 10.150.0.36 on ens4 to 255.255.255.255 port 67
Jan 30 19:36:12 cybulde-none-20240130140221-mpqc kernel: [    0.423847] Console: colour dummy device 80x25
Jan 30 19:36:12 cybulde-none-20240130140221-mpqc kernel: [    0.424678] console [tty0] enabled
Jan 30 19:36:12 cybulde-none-20240130140221-mpqc kernel: [    0.425258] console [ttyS0] enabled
Jan 30 19:36:12 cybulde-none-20240130140221-mpqc kernel: [    0.426334] bootconsole [earlyser0] disabled
Jan 30 19:36:12 cybulde-none-20240130140221-mpqc kernel: [    0.427714] ACPI: Core revision 20180810
Jan 30 19:36:12 cybulde-none-20240130140221-mpqc dhclient[470]: DHCPREQUEST for 10.150.0.36 on ens4 to 255.255.255.255 port 67
J[[0;32m  OK  [0m] Started [0;1;39mRotate log files[0m.
an 30 19:36:12 cybulde-none-20240130140221-mpqc kernel: [    0.428396] APIC: Switch to symmetric I/O mode setup
Jan 30 19:36:12 cybulde-none-20240130140221-mpqc sh[451]: DHCPACK of 10.150.0.36 from 169.254.169.254
Jan 30 19:36:12 cybulde-none-20240130140221-mpqc kernel: [    0.429537] x2apic enabled
Jan 30 19:36:12 cybulde-none-20240130140221-mpqc kernel: [    0.432262] Switched APIC routing to physical x2apic.
Jan 30 19:36:12 cybulde-none-20240130140221-mpqc kernel: [    0.436759] ..TIMER: vector=0x30 apic1=0 pin1=0 apic2=-1 pin2=-1
Jan 30 19:36:12 cybulde-none-20240130140221-mpqc kernel: [    0.437801] clocksource: tsc-early: mask: 0xffffffffffffffff max_cycles: 0x1fb6d54cfe9, max_idle_ns: 440795226702 ns
Jan 30 19:36:12 cybulde-none-20240130140221-mpqc dhclient[470]: DHCPACK of 10.150.0.36 from 169.254.169.254
Jan 30 19:36:12 cybulde-none-20240130140221-mpqc kernel: [    0.439286] Calibrating delay loop (skipped) preset value.. 4400.34 BogoMIPS (lpj=8800688)
Jan 30 19:36:12 cybulde-none-20240130140221-mpqc kernel: [    0.443365] Last level iTLB entries: 4KB 64, 2MB 8, 4MB 8
Jan 30 19:36:12 cybulde-none-20240130140221-mpqc systemd[1]: Started Run google-wi-idle-shutdown service every minute.
Jan 30 19:36:12 cybulde-none-20240130140221-mpqc kernel: [    0.444135] Last level dTLB entries: 4KB 64, 2MB 0, 4MB 0, 1GB 4
Jan 30 19:36:12 cybulde-none-20240130140221-mpqc systemd[1]: Started Daily rotation of log files.
Jan 30 19:36:12 cybulde-none-20240130140221-mpqc kernel: [    0.444981] Spectre V1 : Mitigation: usercopy/swapgs barriers and __user pointer sanitization
Jan 30 19:36:12 cybulde-none-20240130140221-mpqc kernel: [    0.446113] Spectre V2 : Mitigation: Enhanced IBRS
Jan 30 19:36:12 cybulde-none-20240130140221-mpqc kernel: [    0.446812] Spectre V2 : Spectre v2 / SpectreRSB mitigation: Filling RSB on context switch
[[0;32m  OK  [0m] Started [0;1;39mLogin Service[0m.
Jan 30 19:36:12 cybulde-none-20240130140221-mpqc systemd[1]: Starting Docker Socket for the API.
Jan 30 19:36:12 cybulde-none-20240130140221-mpqc kernel: [    0.447274] Spectre V2 : Spectre v2 / PBRSB-eIBRS: Retire a single CALL on VMEXIT
Jan 30 19:36:12 cybulde-none-20240130140221-mpqc kernel: [    0.448303] RETBleed: Mitigation: Enhanced IBRS
Jan 30 19:36:12 cybulde-none-20240130140221-mpqc systemd[1]: Started NSS cache refresh timer.
Jan 30 19:36:12 cybulde-none-20240130140221-mpqc kernel: [    0.448979] Spectre V2 : mitigation: Enabling conditional Indirect Branch Prediction Barrier
Jan 30 19:36:12 cybulde-none-20240130140221-mpqc kernel: [    0.450152] Speculative Store Bypass: Mitigation: Speculative Store Bypass disabled via prctl and seccomp
Jan 30 19:36:12 cybulde-none-20240130140221-mpqc systemd[1]: Started GCE Workload Certificate refresh timer.
Jan 30 19:36:12 cybulde-none-20240130140221-mpqc kernel: [    0.451347] MDS: Mitigation: Clear CPU buffers
Jan 30 19:36:12 cybulde-none-20240130140221-mpqc kernel: [    0.451988] TAA: Mitigation: Clear CPU buffers
Jan 30 19:36:12 cybulde-none-20240130140221-mpqc kernel: [    0.452628] MMIO Stale Data: Vulnerable: Clear CPU buffers attempted, no microcode
Jan 30 19:36:12 cybulde-none-20240130140221-mpqc systemd[1]: Reached target Timers.
Jan 30 19:36:12 cybulde-none-20240130140221-mpqc kernel: [    0.453748] x86/fpu: Supporting XSAVE feature 0x001: 'x87 floating point registers'
Jan 30 19:36:12 cybulde-none-20240130140221-mpqc systemd[1]: Listening on UUID daemon activation socket.
Jan 30 19:36:12 cybulde-none-20240130140221-mpqc kernel: [    0.455274] x86/fpu: Supporting XSAVE feature 0x002: 'SSE registers'
Jan 30 19:36:12 cybulde-none-20240130140221-mpqc systemd[1]: google-disk-expand.service: Succeeded.
Jan 30 19:36:12 cybulde-none-20240130140221-mpqc kernel: [    0.456192] x86/fpu: Supporting XSAVE feature 0x004: 'AVX registers'
Jan 30 19:36:12 cybulde-none-20240130140221-mpqc kernel: [    0.457147] x86/fpu: Supporting XSAVE feature 0x008: 'MPX bounds registers'
Jan 30 19:36:12 cybulde-none-20240130140221-mpqc kernel: [    0.458196] x86/fpu: Supporting XSAVE feature 0x010: 'MPX CSR'
Jan 30 19:36:12 cybulde-none-20240130140221-mpqc systemd[1]: Started Resize root filesystem if needed.
Jan 30 19:36:12 cybulde-none-20240130140221-mpqc kernel: [    0.459275] x86/fpu: Supporting XSAVE feature 0x020: 'AVX-512 opmask'
Jan 30 19:36:12 cybulde-none-20240130140221-mpqc kernel: [    0.460362] x86/fpu: Supporting XSAVE feature 0x040: 'AVX-512 Hi256'
Jan 30 19:36:12 cybulde-none-20240130140221-mpqc systemd[1]: Listening on Docker Socket for the API.
Jan 30 19:36:12 cybulde-none-20240130140221-mpqc kernel: [    0.461426] x86/fpu: Supporting XSAVE feature 0x080: 'AVX-512 ZMM_Hi256'
Jan 30 19:36:12 cybulde-none-20240130140221-mpqc kernel: [    0.462569] x86/fpu: xstate_offset[2]:  576, xstate_sizes[2]:  256
Jan 30 19:36:12 cybulde-none-20240130140221-mpqc kernel: [    0.463274] x86/fpu: xstate_offset[3]:  832, xstate_sizes[3]:   64
Jan 30 19:36:12 cybulde-none-20240130140221-mpqc systemd[1]: Reached target Sockets.
Jan 30 19:36:12 cybulde-none-20240130140221-mpqc kernel: [    0.464251] x86/fpu: xstate_offset[4]:  896, xstate_sizes[4]:   64
Jan 30 19:36:12 cybulde-none-20240130140221-mpqc kernel: [    0.465149] x86/fpu: xstate_offset[5]:  960, xstate_sizes[5]:   64
Jan 30 19:36:12 cybulde-none-20240130140221-mpqc kernel: [    0.465998] x86/fpu: xstate_offset[6]: 1024, xstate_sizes[6]:  512
Jan 30 19:36:12 cybulde-none-20240130140221-mpqc systemd[1]: Reached target Basic System.
Jan 30 19:36:12 cybulde-none-20240130140221-mpqc kernel: [    0.467274] x86/fpu: xstate_offset[7]: 1536, xstate_sizes[7]: 1024
Jan 30 19:36:12 cybulde-none-20240130140221-mpqc kernel: [    0.468216] x86/fpu: Enabled xstate features 0xff, context size is 2560 bytes, using 'compacted' format.
Jan 30 19:36:12 cybulde-none-20240130140221-mpqc kernel: [    0.475189] Freeing SMP alternatives memory: 24K
Jan 30 19:36:12 cybulde-none-20240130140221-mpqc systemd[1]: Starting Removes premium features from DLVM....
Jan          Stopping [0;1;39mSystem Logging Service[0m...
30 19:36:12 cybulde-none-20240130140221-mpqc kernel: [    0.476812] pid_max: default: 32768 minimum: 301
Jan 30 19:36:12 cybulde-none-20240130140221-mpqc kernel: [    0.484787] Security Framework initialized
Jan 30 19:36:12 cybulde-none-20240130140221-mpqc kernel: [    0.485370] Yama: disabled by default; enable with sysctl kernel.yama.*
Jan 30 19:36:12 cybulde-none-20240130140221-mpqc systemd[1]: Started D-Bus System Message Bus.
Jan 30 19:36:12 cybulde-none-20240130140221-mpqc systemd[1]: Starting Daily man-db regeneration...
Jan 30 19:36:12 cybulde-none-20240130140221-mpqc kernel: [    0.486321] AppArmor: AppArmor initialized
Jan 30 19:36:12 cybulde-none-20240130140221-mpqc kernel: [    0.493822] Dentry cache hash table entries: 4194304 (order: 13, 33554432 bytes)
Jan 30 19:36:12 cybulde-none-20240130140221-mpqc systemd[1]: Starting NSS cache refresh...
Jan 30 19:36:12 cybulde-none-20240130140221-mpqc kernel: [    0.498460] Inode-cache hash table entries: 2097152 (order: 12, 16777216 bytes)
Jan 30 19:36:12 cybulde-none-20240130140221-mpqc kernel: [    0.499389] Mount-cache hash table entries: 65536 (order: 7, 524288 bytes)
Jan 30 19:36:12 cybulde-none-20240130140221-mpqc systemd[1]: Starting Login Service...
Jan 30 19:36:12 cybulde-none-20240130140221-mpqc kernel: [    0.500487] Mountpoint-cache hash table entries: 65536 (order: 7, 524288 bytes)
Jan 30 19:36:12 cybulde-none-20240130140221-mpqc kernel: [    0.611089] smpboot: CPU0: Intel(R) Xeon(R) CPU @ 2.20GHz (family: 0x6, model: 0x55, stepping: 0x7)
Jan 30 19:36:12 cybulde-none-20240130140221-mpqc systemd[1]: Starting Rotate log files...
Jan 30 19:36:12 cybulde-none-20240130140221-mpqc kernel: [    0.611272] Performance Events: unsupported p6 CPU model 85 no PMU driver, software events only.
Jan 30 19:36:12 cybulde-none-20240130140221-mpqc kernel: [    0.611272] rcu: Hierarchical SRCU implementation.
Jan 30 19:36:12 cybulde-none-20240130140221-mpqc kernel: [    0.611272] NMI watchdog: Perf NMI watchdog permanently disabled
Jan 30 19:36:12 cybulde-none-20240130140221-mpqc kernel: [    0.611368] smp: Bringing up secondary CPUs ...
Jan 30 19:36:12 cybulde-none-20240130140221-mpqc kernel: [    0.612072] x86: Booting SMP configuration:
Jan 30 19:36:12 cybulde-none-20240130140221-mpqc kernel: [    0.612643] .... node  #0, CPUs:      #1
Jan 30 19:36:12 cybulde-none-20240130140221-mpqc kernel: [    0.015951] kvm-clock: cpu 1, msr 5fc751041, secondary cpu clock
Jan 30 19:36:12 cybulde-none-20240130140221-mpqc kernel: [    0.613563]  #2
Jan 30 19:36:12 cybulde-none-20240130140221-mpqc kernel: [    0.015951] kvm-clock: cpu 2, msr 5fc751081, secondary cpu clock
Jan 30 19:36:12 cybulde-none-20240130140221-mpqc kernel: [    0.615699]  #3
Jan 30 19:36:12 cybulde-none-20240130140221-mpqc kernel: [    0.015951] kvm-clock: cpu 3, msr 5fc7510c1, secondary cpu clock
Jan 30 19:36:12 cybulde-none-20240130140221-mpqc kernel: [    0.616707]  #4
Jan 30 19:36:12 cybulde-none-20240130140221-mpqc systemd[1]: Starting Polls for whether all services from Notebooks has started and reports Heartbeat event...
Jan 30 19:36:12 cybulde-none-20240130140221-mpqc kernel: [    0.015951] kvm-clock: cpu 4, msr 5fc751101, secondary cpu clock
Jan 30 19:36:12 cybulde-none-20240130140221-mpqc kernel: [    0.619276] MDS CPU bug present and SMT on, data leak possible. See https://www.kernel.org/doc/html/latest/admin-guide/hw-vuln/mds.html for more details.
Jan 30 19:36:12 cybulde-none-20240130140221-mpqc kernel: [    0.621882] TAA CPU bug present and SMT on, data leak possible. See https://www.kernel.org/doc/html/latest/admin-guide/hw-vuln/tsx_async_abort.html for more details.
Jan 30 19:36:12 cybulde-none-20240130140221-mpqc kernel: [    0.623275] MMIO Stale Data CPU bug present and SMT on, data leak possible. See https://www.kernel.org/doc/html/latest/admin-guide/hw-vuln/processor_mmio_stale_data.html for more details.
Jan 30 19:36:12 cybulde-none-20240130140221-mpqc kernel: [    0.625569]  #5
Jan 30 19:36:12 cybulde-none-20240130140221-mpqc systemd[1]: Starting GCE Workload Certificate refresh...
Jan 30 19:36:12 cybulde-none-20240130140221-mpqc systemd[1]: Starting Google C2D startup config...
Jan 30 19:36:12 cybulde-none-20240130140221-mpqc kernel: [    0.015951] kvm-clock: cpu 5, msr 5fc751141, secondary cpu clock
Jan 30 19:36:12 cybulde-none-20240130140221-mpqc kernel: [    0.626115]  #6
Jan 30 19:36:12 cybulde-none-20240130140221-mpqc c2d-startup[540]: --> Running: /opt/c2d/scripts/00-setup-api-services.sh
Jan 30 19:36:12 cybulde-none-20240130140221-mpqc kernel: [    0.015951] kvm-clock: cpu 6, msr 5fc751181, secondary cpu clock
Jan 30 19:36:12 cybulde-none-20240130140221-mpqc kernel: [    0.627802]  #7
Jan 30 19:36:12 cybulde-none-20240130140221-mpqc kernel: [    0.015951] kvm-clock: cpu 7, msr 5fc7511c1, secondary cpu clock
Jan 30 19:36:12 cybulde-none-20240130140221-mpqc kernel: [    0.628677] smp: Brought up 1 node, 8 CPUs
Jan 30 19:36:12 cybulde-none-20240130140221-mpqc systemd[1]: Condition check resulted in getty on tty2-tty6 if dbus and logind are not available being skipped.
Jan 30 19:36:12 cybulde-none-20240130140221-mpqc systemd[1]: Starting System Logging Service...
Jan 30 19:36:12 cybulde-none-20240130140221-mpqc kernel: [    0.628704] smpboot: Max logical packages: 1
Jan 30 19:36:12 cybulde-none-20240130140221-mpqc kernel: [    0.631276] smpboot: Total of 8 processors activated (35202.75 BogoMIPS)
Jan 30 19:36:12 cybulde-none-20240130140221-mpqc kernel: [    0.632621] devtmpfs: initialized
Jan 30 19:36:12 cybulde-none-20240130140221-mpqc google_oslogin_nss_cache[532]: oslogin_cache_refresh[532]: Refreshing passwd entry cache
Jan 30 19:36:12 cybulde-none-20240130140221-mpqc google_oslogin_nss_cache[532]: oslogin_cache_refresh[532]: Failure getting users, quitting
Jan 30 19:36:12 cybulde-none-20240130140221-mpqc google_oslogin_nss_cache[532]: oslogin_cache_refresh[532]: Failed to get users, not updating passwd cache file, removing /etc/oslogin_passwd.cache.bak.
Jan 30 19:36:12 cybulde-none-20240130140221-mpqc google_oslogin_nss_cache[532]: oslogin_cache_refresh[532]: Refreshing group entry cache
Jan 30 19:36:12 cybulde-none-20240130140221-mpqc google_oslogin_nss_cache[532]: oslogin_cache_refresh[532]: Failure getting groups, quitting
Jan 30 19:36:12 cybulde-none-20240130140221-mpqc google_oslogin_nss_cache[532]: oslogin_cache_refresh[532]: Failed to get groups, not updating group cache file, removing /etc/oslogin_group.cache.bak.
Jan 30 19:36:12 cybulde-none-20240130140221-mpqc systemd[1]: Started Regular background program processing daemon.
Jan 30 19:36:12 cybulde-none-20240130140221-mpqc kernel: [    0.632621] x86/mm: Memory block size: 128MB
Jan 30 19:36:12 cybulde-none-20240130140221-mpqc kernel: [    0.638476] PM: Registering ACPI NVS region [mem 0xbfb7f000-0xbfbfefff] (524288 bytes)
Jan 30 19:36:12 cybulde-none-20240130140221-mpqc kernel: [    0.639320] clocksource: jiffies: mask: 0xffffffff max_cycles: 0xffffffff, max_idle_ns: 7645041785100000 ns
Jan 30 19:36:12 cybulde-none-20240130140221-mpqc kernel: [    0.640611] futex hash table entries: 2048 (order: 5, 131072 bytes)
Jan 30 19:36:12 cybulde-none-20240130140221-mpqc kernel: [    0.642501] NET: Registered protocol family 16
Jan 30 19:36:12 cybulde-none-20240130140221-mpqc kernel: [    0.643340] audit: initializing netlink subsys (disabled)
Jan 30 19:36:12 cybulde-none-20240130140221-mpqc kernel: [    0.644076] audit: type=2000 audit(1706643364.588:1): state=initialized audit_enabled=0 res=1
Jan 30 19:36:12 cybulde-none-20240130140221-mpqc kernel: [    0.644076] ACPI: bus type PCI registered
Jan 30 19:36:12 cybulde-none-20240130140221-mpqc kernel: [    0.644986] acpiphp: ACPI Hot Plug PCI Controller Driver version: 0.5
Jan 30 19:36:12 cybulde-none-20240130140221-mpqc kernel: [    0.646097] PCI: Using configuration type 1 for base access
Jan 30 19:36:12 cybulde-none-20240130140221-mpqc kernel: [    0.648187] HugeTLB registered 1.00 GiB page size, pre-allocated 0 pages
Jan 30 19:36:12 cybulde-none-20240130140221-mpqc kernel: [    0.648247] HugeTLB registered 2.00 MiB page size, pre-allocated 0 pages
Jan 30 19:36:12 cybulde-none-20240130140221-mpqc kernel: [    0.651309] ACPI: Added _OSI(Module Device)
Jan 30 19:36:12 cybulde-none-20240130140221-mpqc kernel: [    0.651917] ACPI: Added _OSI(Processor Device)
Jan 30 19:36:12 cybulde-none-20240130140221-mpqc kernel: [    0.652521] ACPI: Added _OSI(3.0 _SCP Extensions)
Jan 30 19:36:12 cybulde-none-20240130140221-mpqc kernel: [    0.653158] ACPI: Added _OSI(Processor Aggregator Device)
Jan 30 19:36:12 cybulde-none-20240130140221-mpqc kernel: [    0.653888] ACPI: Added _OSI(Linux-Dell-Video)
Jan 30 19:36:12 cybulde-none-20240130140221-mpqc kernel: [    0.654491] ACPI: Added _OSI(Linux-Lenovo-NV-HDMI-Audio)
Jan 30 19:36:12 cybulde-none-20240130140221-mpqc kernel: [    0.656145] ACPI: 3 ACPI AML tables successfully acquired and loaded
Jan 30 19:36:12 cybulde-none-20240130140221-mpqc kernel: [    0.658231] ACPI: Interpreter enabled
Jan 30 19:36:12 cybulde-none-20240130140221-mpqc kernel: [    0.658800] ACPI: (supports S0 S4 S5)
Jan 30 19:36:12 cybulde-none-20240130140221-mpqc kernel: [    0.659276] ACPI: Using IOAPIC for interrupt routing
Jan 30 19:36:12 cybulde-none-20240130140221-mpqc kernel: [    0.660120] PCI: Using host bridge windows from ACPI; if necessary, use "pci=nocrs" and report a bug
Jan 30 19:36:12 cybulde-none-20240130140221-mpqc kernel: [    0.661502] ACPI: Enabled 16 GPEs in block 00 to 0F
Jan 30 19:36:12 cybulde-none-20240130140221-mpqc kernel: [    0.664716] ACPI: PCI Root Bridge [PCI0] (domain 0000 [bus 00-ff])
Jan 30 19:36:12 cybulde-none-20240130140221-mpqc kernel: [    0.665574] acpi PNP0A03:00: _OSC: OS supports [ASPM ClockPM Segments MSI]
Jan 30 19:36:12 cybulde-none-20240130140221-mpqc kernel: [    0.666559] acpi PNP0A03:00: _OSC failed (AE_NOT_FOUND); disabling ASPM
Jan 30 19:36:12 cybulde-none-20240130140221-mpqc kernel: [    0.667281] acpi PNP0A03:00: fail to add MMCONFIG information, can't access extended PCI configuration space under this bridge.
Jan 30 19:36:12 cybulde-none-20240130140221-mpqc kernel: [    0.669445] PCI host bridge to bus 0000:00
Jan 30 19:36:12 cybulde-none-20240130140221-mpqc kernel: [    0.670141] pci_bus 0000:00: root bus resource [io  0x0000-0x0cf7 window]
Jan 30 19:36:12 cybulde-none-20240130140221-mpqc kernel: [    0.671275] pci_bus 0000:00: root bus resource [io  0x0d00-0x0fff window]
Jan 30 19:36:12 cybulde-none-20240130140221-mpqc kernel: [    0.672494] pci_bus 0000:00: root bus resource [io  0xc000-0xffff window]
Jan 30 19:36:12 cybulde-none-20240130140221-mpqc kernel: [    0.673842] pci_bus 0000:00: root bus resource [io  0xa000-0xbfff window]
Jan 30 19:36:12 cybulde-none-20240130140221-mpqc kernel: [    0.674781] pci_bus 0000:00: root bus resource [mem 0x000a0000-0x000bffff window]
Jan 30 19:36:12 cybulde-none-20240130140221-mpqc kernel: [    0.675275] pci_bus 0000:00: root bus resource [mem 0xc0000000-0xc57fffff window]
Jan 30 19:36:12 cybulde-none-20240130140221-mpqc kernel: [    0.676441] pci_bus 0000:00: root bus resource [mem 0xc5840000-0xe07fffff window]
Jan 30 19:36:12 cybulde-none-20240130140221-mpqc kernel: [    0.677659] pci_bus 0000:00: root bus resource [mem 0xe0840000-0xed7fffff window]
Jan 30 19:36:12 cybulde-none-20240130140221-mpqc kernel: [    0.679275] pci_bus 0000:00: root bus resource [mem 0xed840000-0xfebfefff window]
Jan 30 19:36:12 cybulde-none-20240130140221-mpqc kernel: [    0.680603] pci_bus 0000:00: root bus resource [mem 0x1000000000-0x2083fffffff window]
Jan 30 19:36:12 cybulde-none-20240130140221-mpqc kernel: [    0.681838] pci_bus 0000:00: root bus resource [bus 00-ff]
Jan 30 19:36:12 cybulde-none-20240130140221-mpqc kernel: [    0.682709] pci 0000:00:00.0: [8086:1237] type 00 class 0x060000
Jan 30 19:36:12 cybulde-none-20240130140221-mpqc kernel: [    0.687644] pci 0000:00:01.0: [8086:7110] type 00 class 0x060100
Jan 30 19:36:12 cybulde-none-20240130140221-mpqc kernel: [    0.708559] pci 0000:00:01.3: [8086:7113] type 00 class 0x068000
Jan 30 19:36:12 cybulde-none-20240130140221-mpqc kernel: [    0.731319] pci 0000:00:01.3: quirk: [io  0xb000-0xb03f] claimed by PIIX4 ACPI
Jan 30 19:36:12 cybulde-none-20240130140221-mpqc kernel: [    0.732582] pci 0000:00:03.0: [10de:27b8] type 00 class 0x030200
Jan 30 19:36:12 cybulde-none-20240130140221-mpqc kernel: [    0.740709] pci 0000:00:03.0: reg 0x10: [mem 0xc0000000-0xc0ffffff]
Jan 30 19:36:12 cybulde-none-20240130140221-mpqc kernel: [    0.751279] pci 0000:00:03.0: reg 0x14: [mem 0x1000000000-0x17ffffffff 64bit pref]
Jan 30 19:36:12 cybulde-none-20240130140221-mpqc kernel: [    0.761037] pci 0000:00:03.0: reg 0x1c: [mem 0x1800000000-0x1801ffffff 64bit pref]
Jan 30 19:36:12 cybulde-none-20240130140221-mpqc kernel: [    0.767316] pci 0000:00:03.0: Enabling HDA controller
Jan 30 19:36:12 cybulde-none-20240130140221-mpqc kernel: [    0.769738] pci 0000:00:04.0: [1af4:1000] type 00 class 0x020000
Jan 30 19:36:12 cybulde-none-20240130140221-mpqc kernel: [    0.778164] pci 0000:00:04.0: reg 0x10: [io  0xc000-0xc03f]
Jan 30 19:36:12 cybulde-none-20240130140221-mpqc kernel: [    0.783278] pci 0000:00:04.0: reg 0x14: [mem 0xc1000000-0xc10001ff]
Jan 30 19:36:12 cybulde-none-20240130140221-mpqc kernel: [    0.800630] pci 0000:00:05.0: [1af4:1005] type 00 class 0x00ff00
Jan 30 19:36:12 cybulde-none-20240130140221-mpqc kernel: [    0.807279] pci 0000:00:05.0: reg 0x10: [io  0xc040-0xc05f]
Jan 30 19:36:12 cybulde-none-20240130140221-mpqc kernel: [    0.813029] pci 0000:00:05.0: reg 0x14: [mem 0xc1002000-0xc100203f]
Jan 30 19:36:12 cybulde-none-20240130140221-mpqc kernel: [    0.828670] pci 0000:00:06.0: [1ae0:001f] type 00 class 0x010802
Jan 30 19:36:12 cybulde-none-20240130140221-mpqc kernel: [    0.839278] pci 0000:00:06.0: reg 0x10: [mem 0x1802000000-0x1802003fff 64bit]
Jan 30 19:36:12 cybulde-none-20240130140221-mpqc kernel: [    0.848637] pci 0000:00:06.0: reg 0x20: [mem 0xc1001000-0xc100107f]
Jan 30 19:36:12 cybulde-none-20240130140221-mpqc kernel: [    0.855642] pci_bus 0000:00: on NUMA node 0
Jan 30 19:36:12 cybulde-none-20240130140221-mpqc kernel: [    0.855922] ACPI: PCI Interrupt Link [LNKA] (IRQs 5 *10 11)
Jan 30 19:36:12 cybulde-none-20240130140221-mpqc kernel: [    0.858256] ACPI: PCI Interrupt Link [LNKB] (IRQs 5 *10 11)
Jan 30 19:36:12 cybulde-none-20240130140221-mpqc kernel: [    0.860355] ACPI: PCI Interrupt Link [LNKC] (IRQs 5 10 *11)
Jan 30 19:36:12 cybulde-none-20240130140221-mpqc kernel: [    0.862220] ACPI: PCI Interrupt Link [LNKD] (IRQs 5 10 *11)
Jan 30 19:36:12 cybulde-none-20240130140221-mpqc kernel: [    0.864584] ACPI: PCI Interrupt Link [LNKS] (IRQs *9)
Jan 30 19:36:12 cybulde-none-20240130140221-mpqc kernel: [    0.865909] vgaarb: loaded
Jan 30 19:36:12 cybulde-none-20240130140221-mpqc kernel: [    0.865909] Registered efivars operations
Jan 30 19:36:12 cybulde-none-20240130140221-mpqc kernel: [    0.865909] PCI: Using ACPI for IRQ routing
Jan 30 19:36:12 cybulde-none-20240130140221-mpqc kernel: [    0.867276] PCI: pci_cache_line_size set to 64 bytes
Jan 30 19:36:12 cybulde-none-20240130140221-mpqc kernel: [    0.867377] e820: reserve RAM buffer [mem 0x00055000-0x0005ffff]
Jan 30 19:36:12 cybulde-none-20240130140221-mpqc kernel: [    0.867378] e820: reserve RAM buffer [mem 0x00098000-0x0009ffff]
Jan 30 19:36:12 cybulde-none-20240130140221-mpqc kernel: [    0.867379] e820: reserve RAM buffer [mem 0xbf8ed000-0xbfffffff]
Jan 30 19:36:12 cybulde-none-20240130140221-mpqc kernel: [    0.867380] e820: reserve RAM buffer [mem 0xbffe0000-0xbfffffff]
Jan 30 19:36:12 cybulde-none-20240130140221-mpqc kernel: [    0.867466] clocksource: Switched to clocksource kvm-clock
Jan 30 19:36:12 cybulde-none-20240130140221-mpqc kernel: [    0.875777] VFS: Disk quotas dquot_6.6.0
Jan 30 19:36:12 cybulde-none-20240130140221-mpqc kernel: [    0.876337] VFS: Dquot-cache hash table entries: 512 (order 0, 4096 bytes)
Jan 30 19:36:12 cybulde-none-20240130140221-mpqc kernel: [    0.877356] AppArmor: AppArmor Filesystem Enabled
Jan 30 19:36:12 cybulde-none-20240130140221-mpqc kernel: [    0.878007] pnp: PnP ACPI init
Jan 30 19:36:12 cybulde-none-20240130140221-mpqc kernel: [    0.878469] pnp 00:00: Plug and Play ACPI device, IDs PNP0b00 (active)
Jan 30 19:36:12 cybulde-none-20240130140221-mpqc kernel: [    0.878510] pnp 00:01: Plug and Play ACPI device, IDs PNP0303 (active)
Jan 30 19:36:12 cybulde-none-20240130140221-mpqc kernel: [    0.878541] pnp 00:02: Plug and Play ACPI device, IDs PNP0f13 (active)
Jan 30 19:36:12 cybulde-none-20240130140221-mpqc kernel: [    0.878577] pnp 00:03: Plug and Play ACPI device, IDs PNP0501 (active)
Jan 30 19:36:12 cybulde-none-20240130140221-mpqc kernel: [    0.878604] pnp 00:04: Plug and Play ACPI device, IDs PNP0501 (active)
Jan 30 19:36:12 cybulde-none-20240130140221-mpqc kernel: [    0.878632] pnp 00:05: Plug and Play ACPI device, IDs PNP0501 (active)
Jan 30 19:36:12 cybulde-none-20240130140221-mpqc kernel: [    0.878665] pnp 00:06: Plug and Play ACPI device, IDs PNP0501 (active)
Jan 30 19:36:12 cybulde-none-20240130140221-mpqc kernel: [    0.878802] pnp: PnP ACPI: found 7 devices
Jan 30 19:36:12 cybulde-none-20240130140221-mpqc kernel: [    0.885578] clocksource: acpi_pm: mask: 0xffffff max_cycles: 0xffffff, max_idle_ns: 2085701024 ns
Jan 30 19:36:12 cybulde-none-20240130140221-mpqc kernel: [    0.886781] pci_bus 0000:00: resource 4 [io  0x0000-0x0cf7 window]
Jan 30 19:36:12 cybulde-none-20240130140221-mpqc kernel: [    0.886782] pci_bus 0000:00: resource 5 [io  0x0d00-0x0fff window]
Jan 30 19:36:12 cybulde-none-20240130140221-mpqc kernel: [    0.886783] pci_bus 0000:00: resource 6 [io  0xc000-0xffff window]
Jan 30 19:36:12 cybulde-none-20240130140221-mpqc kernel: [    0.886784] pci_bus 0000:00: resource 7 [io  0xa000-0xbfff window]
Jan 30 19:36:12 cybulde-none-20240130140221-mpqc kernel: [    0.886785] pci_bus 0000:00: resource 8 [mem 0x000a0000-0x000bffff window]
Jan 30 19:36:12 cybulde-none-20240130140221-mpqc kernel: [    0.886786] pci_bus 0000:00: resource 9 [mem 0xc0000000-0xc57fffff window]
Jan 30 19:36:12 cybulde-none-20240130140221-mpqc kernel: [    0.886787] pci_bus 0000:00: resource 10 [mem 0xc5840000-0xe07fffff window]
Jan 30 19:36:12 cybulde-none-20240130140221-mpqc kernel: [    0.886788] pci_bus 0000:00: resource 11 [mem 0xe0840000-0xed7fffff window]
Jan 30 19:36:12 cybulde-none-20240130140221-mpqc kernel: [    0.886789] pci_bus 0000:00: resource 12 [mem 0xed840000-0xfebfefff window]
Jan 30 19:36:12 cybulde-none-20240130140221-mpqc kernel: [    0.886790] pci_bus 0000:00: resource 13 [mem 0x1000000000-0x2083fffffff window]
Jan 30 19:36:12 cybulde-none-20240130140221-mpqc kernel: [    0.886839] NET: Registered protocol family 2
Jan 30 19:36:12 cybulde-none-20240130140221-mpqc kernel: [    0.887892] IP idents hash table entries: 262144 (order: 9, 2097152 bytes)
Jan 30 19:36:12 cybulde-none-20240130140221-mpqc kernel: [    0.890337] tcp_listen_portaddr_hash hash table entries: 16384 (order: 6, 262144 bytes)
Jan 30 19:36:12 cybulde-none-20240130140221-mpqc kernel: [    0.891496] TCP established hash table entries: 262144 (order: 9, 2097152 bytes)
Jan 30 19:36:12 cybulde-none-20240130140221-mpqc kernel: [    0.892748] TCP bind hash table entries: 65536 (order: 8, 1048576 bytes)
Jan 30 19:36:12 cybulde-none-20240130140221-mpqc kernel: [    0.893762] TCP: Hash tables configured (established 262144 bind 65536)
Jan 30 19:36:12 cybulde-none-20240130140221-mpqc kernel: [    0.894722] UDP hash table entries: 16384 (order: 7, 524288 bytes)
Jan 30 19:36:12 cybulde-none-20240130140221-mpqc kernel: [    0.895637] UDP-Lite hash table entries: 16384 (order: 7, 524288 bytes)
Jan 30 19:36:12 cybulde-none-20240130140221-mpqc kernel: [    0.896620] NET: Registered protocol family 1
Jan 30 19:36:12 cybulde-none-20240130140221-mpqc kernel: [    0.897223] NET: Registered protocol family 44
Jan 30 19:36:12 cybulde-none-20240130140221-mpqc kernel: [    0.897831] pci 0000:00:00.0: Limiting direct PCI/PCI transfers
Jan 30 19:36:12 cybulde-none-20240130140221-mpqc kernel: [    0.898721] PCI: CLS 0 bytes, default 64
Jan 30 19:36:12 cybulde-none-20240130140221-mpqc kernel: [    0.898750] Unpacking initramfs...
Jan 30 19:36:12 cybulde-none-20240130140221-mpqc kernel: [    1.106420] Freeing initrd memory: 13772K
Jan 30 19:36:12 cybulde-none-20240130140221-mpqc kernel: [    1.107075] PCI-DMA: Using software bounce buffering for IO (SWIOTLB)
Jan 30 19:36:12 cybulde-none-20240130140221-mpqc kernel: [    1.107951] software IO TLB: mapped [mem 0xb7ff7000-0xbbff7000] (64MB)
Jan 30 19:36:12 cybulde-none-20240130140221-mpqc kernel: [    1.108898] clocksource: tsc: mask: 0xffffffffffffffff max_cycles: 0x1fb6d54cfe9, max_idle_ns: 440795226702 ns
Jan 30 19:36:12 cybulde-none-20240130140221-mpqc kernel: [    1.110709] Initialise system trusted keyrings
Jan 30 19:36:12 cybulde-none-20240130140221-mpqc kernel: [    1.111336] Key type blacklist registered
Jan 30 19:36:12 cybulde-none-20240130140221-mpqc kernel: [    1.111968] workingset: timestamp_bits=40 max_order=23 bucket_order=0
Jan 30 19:36:12 cybulde-none-20240130140221-mpqc kernel: [    1.113718] zbud: loaded
Jan 30 19:36:12 cybulde-none-20240130140221-mpqc kernel: [    1.230260] Key type asymmetric registered
Jan 30 19:36:12 cybulde-none-20240130140221-mpqc kernel: [    1.230876] Asymmetric key parser 'x509' registered
Jan 30 19:36:12 cybulde-none-20240130140221-mpqc kernel: [    1.231581] Block layer SCSI generic (bsg) driver version 0.4 loaded (major 250)
Jan 30 19:36:12 cybulde-none-20240130140221-mpqc kernel: [    1.232659] io scheduler noop registered (default)
Jan 30 19:36:12 cybulde-none-20240130140221-mpqc kernel: [    1.233367] io scheduler deadline registered
Jan 30 19:36:12 cybulde-none-20240130140221-mpqc kernel: [    1.234632] Serial: 8250/16550 driver, 4 ports, IRQ sharing enabled
Jan 30 19:36:12 cybulde-none-20240130140221-mpqc kernel: [    1.256543] 00:03: ttyS0 at I/O 0x3f8 (irq = 4, base_baud = 115200) is a 16550A
Jan 30 19:36:12 cybulde-none-20240130140221-mpqc kernel: [    1.278499] 00:04: ttyS1 at I/O 0x2f8 (irq = 3, base_baud = 115200) is a 16550A
Jan 30 19:36:12 cybulde-none-20240130140221-mpqc kernel: [    1.300432] 00:05: ttyS2 at I/O 0x3e8 (irq = 6, base_baud = 115200) is a 16550A
Jan 30 19:36:12 cybulde-none-20240130140221-mpqc kernel: [    1.322414] 00:06: ttyS3 at I/O 0x2e8 (irq = 7, base_baud = 115200) is a 16550A
Jan 30 19:36:12 cybulde-none-20240130140221-mpqc kernel: [    1.324070] i8042: PNP: PS/2 Controller [PNP0303:KBD,PNP0f13:MOU] at 0x60,0x64 irq 1,12
Jan 30 19:36:12 cybulde-none-20240130140221-mpqc kernel: [    1.325145] i8042: Warning: Keylock active
Jan 30 19:36:12 cybulde-none-20240130140221-mpqc kernel: [    1.327144] serio: i8042 KBD port at 0x60,0x64 irq 1
Jan 30 19:36:12 cybulde-none-20240130140221-mpqc kernel: [    1.327829] serio: i8042 AUX port at 0x60,0x64 irq 12
Jan 30 19:36:12 cybulde-none-20240130140221-mpqc kernel: [    1.328529] mousedev: PS/2 mouse device common for all mice
Jan 30 19:36:12 cybulde-none-20240130140221-mpqc kernel: [    1.329232] rtc_cmos 00:00: RTC can wake from S4
Jan 30 19:36:12 cybulde-none-20240130140221-mpqc kernel: [    1.330292] rtc_cmos 00:00: registered as rtc0
Jan 30 19:36:12 cybulde-none-20240130140221-mpqc kernel: [    1.330828] rtc_cmos 00:00: alarms up to one day, 114 bytes nvram
Jan 30 19:36:12 cybulde-none-20240130140221-mpqc kernel: [    1.331878] NET: Registered protocol family 10
Jan 30 19:36:12 cybulde-none-20240130140221-mpqc kernel: [    1.339447] Segment Routing with IPv6
Jan 30 19:36:12 cybulde-none-20240130140221-mpqc kernel: [    1.340047] mip6: Mobile IPv6
Jan 30 19:36:12 cybulde-none-20240130140221-mpqc kernel: [    1.340355] NET: Registered protocol family 17
Jan 30 19:36:12 cybulde-none-20240130140221-mpqc kernel: [    1.340891] mpls_gso: MPLS GSO support
Jan 30 19:36:12 cybulde-none-20240130140221-mpqc kernel: [    1.341364] sched_clock: Marking stable (1328931141, 11951896)->(1342477460, -1594423)
Jan 30 19:36:12 cybulde-none-20240130140221-mpqc kernel: [    1.342783] registered taskstats version 1
Jan 30 19:36:12 cybulde-none-20240130140221-mpqc kernel: [    1.343318] Loading compiled-in X.509 certificates
Jan 30 19:36:12 cybulde-none-20240130140221-mpqc kernel: [    1.373367] Loaded X.509 cert 'Debian Secure Boot CA: 6ccece7e4c6c0d1f6149f3dd27dfcc5cbb419ea1'
Jan 30 19:36:12 cybulde-none-20240130140221-mpqc kernel: [    1.374343] Loaded X.509 cert 'Debian Secure Boot Signer 2022 - linux: 14011249c2675ea8e5148542202005810584b25f'
Jan 30 19:36:12 cybulde-none-20240130140221-mpqc kernel: [    1.376114] Loaded UEFI:db cert 'Microsoft Corporation UEFI CA 2011: 13adbf4309bd82709c8cd54f316ed522988a1bd4' linked to secondary sys keyring
Jan 30 19:36:12 cybulde-none-20240130140221-mpqc kernel: [    1.377491] Loaded UEFI:db cert 'Microsoft Windows Production PCA 2011: a92902398e16c49778cd90f99e4f9ae17c55af53' linked to secondary sys keyring
Jan 30 19:36:12 cybulde-none-20240130140221-mpqc kernel: [    1.379491] AppArmor: AppArmor sha1 policy hashing enabled
Jan 30 19:36:12 cybulde-none-20240130140221-mpqc kernel: [    1.380451] rtc_cmos 00:00: setting system clock to 2024-01-30 19:36:05 UTC (1706643365)
Jan 30 19:36:12 cybulde-none-20240130140221-mpqc kernel: [    1.690949] Freeing unused kernel image memory: 1500K
Jan 30 19:36:12 cybulde-none-20240130140221-mpqc kernel: [    1.692107] input: AT Translated Set 2 keyboard as /devices/platform/i8042/serio0/input/input0
Jan 30 19:36:12 cybulde-none-20240130140221-mpqc kernel: [    1.711324] Write protecting the kernel read-only data: 16384k
Jan 30 19:36:12 cybulde-none-20240130140221-mpqc kernel: [    1.713775] Freeing unused kernel image memory: 2028K
Jan 30 19:36:12 cybulde-none-20240130140221-mpqc kernel: [    1.714851] Freeing unused kernel image memory: 1476K
Jan 30 19:36:12 cybulde-none-20240130140221-mpqc kernel: [    1.715730] x86/mm: Checked W+X mappings: passed, no W+X pages found.
Jan 30 19:36:12 cybulde-none-20240130140221-mpqc kernel: [    1.716591] Run /init as init process
Jan 30 19:36:12 cybulde-none-20240130140221-mpqc kernel: [    1.766706] cryptd: max_cpu_qlen set to 1000
Jan 30 19:36:12 cybulde-none-20240130140221-mpqc kernel: [    1.769700] PCI Interrupt Link [LNKD] enabled at IRQ 11
Jan 30 19:36:12 cybulde-none-20240130140221-mpqc kernel: [    1.770514] virtio-pci 0000:00:04.0: virtio_pci: leaving for legacy driver
Jan 30 19:36:12 cybulde-none-20240130140221-mpqc kernel: [    1.776119] PCI Interrupt Link [LNKA] enabled at IRQ 10
Jan 30 19:36:12 cybulde-none-20240130140221-mpqc kernel: [    1.776964] virtio-pci 0000:00:05.0: virtio_pci: leaving for legacy driver
Jan 30 19:36:12 cybulde-none-20240130140221-mpqc kernel: [    1.783132] nvme nvme0: pci function 0000:00:06.0
Jan 30 19:36:12 cybulde-none-20240130140221-mpqc kernel: [    1.785251] PCI Interrupt Link [LNKB] enabled at IRQ 10
Jan 30 19:36:12 cybulde-none-20240130140221-mpqc kernel: [    1.790206] AVX2 version of gcm_enc/dec engaged.
Jan 30 19:36:12 cybulde-none-20240130140221-mpqc kernel: [    1.790849] AES CTR mode by8 optimization enabled
Jan 30 19:36:12 cybulde-none-20240130140221-mpqc kernel: [    1.922345]  nvme0n1: p1 p14 p15
Jan 30 19:36:12 cybulde-none-20240130140221-mpqc kernel: [    6.042843] virtio_net virtio0 ens4: renamed from eth0
Jan 30 19:36:12 cybulde-none-20240130140221-mpqc kernel: [    6.231337] EXT4-fs (nvme0n1p1): mounted filesystem with ordered data mode. Opts: (null)
Jan 30 19:36:12 cybulde-none-20240130140221-mpqc kernel: [    6.959638] gve: loading out-of-tree module taints kernel.
Jan 30 19:36:12 cybulde-none-20240130140221-mpqc kernel: [    6.960441] gve: module verification failed: signature and/or required key missing - tainting kernel
Jan 30 19:36:12 cybulde-none-20240130140221-mpqc kernel: [    7.004587] EXT4-fs (nvme0n1p1): re-mounted. Opts: discard,errors=remount-ro
Jan 30 19:36:12 cybulde-none-20240130140221-mpqc kernel: [    7.158251] EXT4-fs (nvme0n1p1): resizing filesystem from 13074176 to 13074176 blocks
Jan 30 19:36:12 cybulde-none-20240130140221-mpqc kernel: [    7.378469] input: Power Button as /devices/LNXSYSTM:00/LNXPWRBN:00/input/input2
Jan 30 19:36:12 cybulde-none-20240130140221-mpqc kernel: [    7.379620] EFI Variables Facility v0.08 2004-May-17
Jan 30 19:36:12 cybulde-none-20240130140221-mpqc kernel: [    7.379708] ACPI: Power Button [PWRF]
Jan 30 19:36:12 cybulde-none-20240130140221-mpqc kernel: [    7.381303] input: Sleep Button as /devices/LNXSYSTM:00/LNXSLPBN:00/input/input3
Jan 30 19:36:12 cybulde-none-20240130140221-mpqc kernel: [    7.382915] ACPI: Sleep Button [SLPF]
Jan 30 19:36:12 cybulde-none-20240130140221-mpqc kernel: [    7.392242] tpm_tis MSFT0101:00: 2.0 TPM (device-id 0x9009, rev-id 0)
Jan 30 19:36:12 cybulde-none-20240130140221-mpqc kernel: [    7.393599] RAPL PMU: API unit is 2^-32 Joules, 3 fixed counters, 10737418240 ms ovfl timer
Jan 30 19:36:12 cybulde-none-20240130140221-mpqc kernel: [    7.394810] RAPL PMU: hw unit of domain pp0-core 2^-0 Joules
Jan 30 19:36:12 cybulde-none-20240130140221-mpqc kernel: [    7.394811] RAPL PMU: hw unit of domain package 2^-0 Joules
Jan 30 19:36:12 cybulde-none-20240130140221-mpqc kernel: [    7.394812] RAPL PMU: hw unit of domain dram 2^-16 Joules
Jan 30 19:36:12 cybulde-none-20240130140221-mpqc kernel: [    7.398854] pstore: Using compression: deflate
